Archive member included to satisfy reference by file (symbol)

/opt/arm-gnu-toolchain/14.2.rel1/bin/../lib/gcc/arm-none-eabi/14.2.1/../../../../arm-none-eabi/lib/thumb/v7-m/nofp/libc_nano.a(libc_a-exit.o)
                              /opt/arm-gnu-toolchain/14.2.rel1/bin/../lib/gcc/arm-none-eabi/14.2.1/../../../../arm-none-eabi/lib/thumb/v7-m/nofp/crt0.o (exit)
/opt/arm-gnu-toolchain/14.2.rel1/bin/../lib/gcc/arm-none-eabi/14.2.1/../../../../arm-none-eabi/lib/thumb/v7-m/nofp/libc_nano.a(libc_a-findfp.o)
                              /opt/arm-gnu-toolchain/14.2.rel1/bin/../lib/gcc/arm-none-eabi/14.2.1/../../../../arm-none-eabi/lib/thumb/v7-m/nofp/libc_nano.a(libc_a-exit.o) (__stdio_exit_handler)
/opt/arm-gnu-toolchain/14.2.rel1/bin/../lib/gcc/arm-none-eabi/14.2.1/../../../../arm-none-eabi/lib/thumb/v7-m/nofp/libc_nano.a(libc_a-fwalk.o)
                              /opt/arm-gnu-toolchain/14.2.rel1/bin/../lib/gcc/arm-none-eabi/14.2.1/../../../../arm-none-eabi/lib/thumb/v7-m/nofp/libc_nano.a(libc_a-findfp.o) (_fwalk_sglue)
/opt/arm-gnu-toolchain/14.2.rel1/bin/../lib/gcc/arm-none-eabi/14.2.1/../../../../arm-none-eabi/lib/thumb/v7-m/nofp/libc_nano.a(libc_a-stdio.o)
                              /opt/arm-gnu-toolchain/14.2.rel1/bin/../lib/gcc/arm-none-eabi/14.2.1/../../../../arm-none-eabi/lib/thumb/v7-m/nofp/libc_nano.a(libc_a-findfp.o) (__sread)
/opt/arm-gnu-toolchain/14.2.rel1/bin/../lib/gcc/arm-none-eabi/14.2.1/../../../../arm-none-eabi/lib/thumb/v7-m/nofp/libc_nano.a(libc_a-memset.o)
                              /opt/arm-gnu-toolchain/14.2.rel1/bin/../lib/gcc/arm-none-eabi/14.2.1/../../../../arm-none-eabi/lib/thumb/v7-m/nofp/crt0.o (memset)
/opt/arm-gnu-toolchain/14.2.rel1/bin/../lib/gcc/arm-none-eabi/14.2.1/../../../../arm-none-eabi/lib/thumb/v7-m/nofp/libc_nano.a(libc_a-closer.o)
                              /opt/arm-gnu-toolchain/14.2.rel1/bin/../lib/gcc/arm-none-eabi/14.2.1/../../../../arm-none-eabi/lib/thumb/v7-m/nofp/libc_nano.a(libc_a-stdio.o) (_close_r)
/opt/arm-gnu-toolchain/14.2.rel1/bin/../lib/gcc/arm-none-eabi/14.2.1/../../../../arm-none-eabi/lib/thumb/v7-m/nofp/libc_nano.a(libc_a-reent.o)
                              /opt/arm-gnu-toolchain/14.2.rel1/bin/../lib/gcc/arm-none-eabi/14.2.1/../../../../arm-none-eabi/lib/thumb/v7-m/nofp/libc_nano.a(libc_a-closer.o) (errno)
/opt/arm-gnu-toolchain/14.2.rel1/bin/../lib/gcc/arm-none-eabi/14.2.1/../../../../arm-none-eabi/lib/thumb/v7-m/nofp/libc_nano.a(libc_a-impure.o)
                              /opt/arm-gnu-toolchain/14.2.rel1/bin/../lib/gcc/arm-none-eabi/14.2.1/../../../../arm-none-eabi/lib/thumb/v7-m/nofp/libc_nano.a(libc_a-reent.o) (_impure_ptr)
/opt/arm-gnu-toolchain/14.2.rel1/bin/../lib/gcc/arm-none-eabi/14.2.1/../../../../arm-none-eabi/lib/thumb/v7-m/nofp/libc_nano.a(libc_a-lseekr.o)
                              /opt/arm-gnu-toolchain/14.2.rel1/bin/../lib/gcc/arm-none-eabi/14.2.1/../../../../arm-none-eabi/lib/thumb/v7-m/nofp/libc_nano.a(libc_a-stdio.o) (_lseek_r)
/opt/arm-gnu-toolchain/14.2.rel1/bin/../lib/gcc/arm-none-eabi/14.2.1/../../../../arm-none-eabi/lib/thumb/v7-m/nofp/libc_nano.a(libc_a-readr.o)
                              /opt/arm-gnu-toolchain/14.2.rel1/bin/../lib/gcc/arm-none-eabi/14.2.1/../../../../arm-none-eabi/lib/thumb/v7-m/nofp/libc_nano.a(libc_a-stdio.o) (_read_r)
/opt/arm-gnu-toolchain/14.2.rel1/bin/../lib/gcc/arm-none-eabi/14.2.1/../../../../arm-none-eabi/lib/thumb/v7-m/nofp/libc_nano.a(libc_a-writer.o)
                              /opt/arm-gnu-toolchain/14.2.rel1/bin/../lib/gcc/arm-none-eabi/14.2.1/../../../../arm-none-eabi/lib/thumb/v7-m/nofp/libc_nano.a(libc_a-stdio.o) (_write_r)
/opt/arm-gnu-toolchain/14.2.rel1/bin/../lib/gcc/arm-none-eabi/14.2.1/../../../../arm-none-eabi/lib/thumb/v7-m/nofp/libc_nano.a(libc_a-init.o)
                              /opt/arm-gnu-toolchain/14.2.rel1/bin/../lib/gcc/arm-none-eabi/14.2.1/../../../../arm-none-eabi/lib/thumb/v7-m/nofp/crt0.o (__libc_init_array)
/opt/arm-gnu-toolchain/14.2.rel1/bin/../lib/gcc/arm-none-eabi/14.2.1/../../../../arm-none-eabi/lib/thumb/v7-m/nofp/libc_nano.a(libc_a-lock.o)
                              /opt/arm-gnu-toolchain/14.2.rel1/bin/../lib/gcc/arm-none-eabi/14.2.1/../../../../arm-none-eabi/lib/thumb/v7-m/nofp/libc_nano.a(libc_a-findfp.o) (__retarget_lock_init_recursive)
/opt/arm-gnu-toolchain/14.2.rel1/bin/../lib/gcc/arm-none-eabi/14.2.1/../../../../arm-none-eabi/lib/thumb/v7-m/nofp/libc_nano.a(libc_a-freer.o)
                              /opt/arm-gnu-toolchain/14.2.rel1/bin/../lib/gcc/arm-none-eabi/14.2.1/../../../../arm-none-eabi/lib/thumb/v7-m/nofp/libc_nano.a(libc_a-reent.o) (_free_r)
/opt/arm-gnu-toolchain/14.2.rel1/bin/../lib/gcc/arm-none-eabi/14.2.1/../../../../arm-none-eabi/lib/thumb/v7-m/nofp/libc_nano.a(libc_a-mallocr.o)
                              /opt/arm-gnu-toolchain/14.2.rel1/bin/../lib/gcc/arm-none-eabi/14.2.1/../../../../arm-none-eabi/lib/thumb/v7-m/nofp/libc_nano.a(libc_a-findfp.o) (_malloc_r)
[...]
Memory Configuration

Name             Origin             Length             Attributes
RAM              0x20000000         0x00005000         xrw
FLASH            0x08000000         0x00010000         xr
*default*        0x00000000         0xffffffff

Linker script and memory map

LOAD /opt/arm-gnu-toolchain/14.2.rel1/bin/../lib/gcc/arm-none-eabi/14.2.1/thumb/v7-m/nofp/crti.o
LOAD /opt/arm-gnu-toolchain/14.2.rel1/bin/../lib/gcc/arm-none-eabi/14.2.1/thumb/v7-m/nofp/crtbegin.o
LOAD /opt/arm-gnu-toolchain/14.2.rel1/bin/../lib/gcc/arm-none-eabi/14.2.1/../../../../arm-none-eabi/lib/thumb/v7-m/nofp/crt0.o
START GROUP
LOAD /opt/arm-gnu-toolchain/14.2.rel1/bin/../lib/gcc/arm-none-eabi/14.2.1/../../../../arm-none-eabi/lib/thumb/v7-m/nofp/libc_nano.a
LOAD /opt/arm-gnu-toolchain/14.2.rel1/bin/../lib/gcc/arm-none-eabi/14.2.1/../../../../arm-none-eabi/lib/thumb/v7-m/nofp/libm.a
END GROUP
LOAD cmake/stm32cubemx/CMakeFiles/STM32_Drivers.dir/__/__/Src/system_stm32f1xx.c.obj
LOAD cmake/stm32cubemx/CMakeFiles/STM32_Drivers.dir/__/__/Drivers/STM32F1xx_HAL_Driver/Src/stm32f1xx_hal_gpio_ex.c.obj
LOAD cmake/stm32cubemx/CMakeFiles/STM32_Drivers.dir/__/__/Drivers/STM32F1xx_HAL_Driver/Src/stm32f1xx_hal_adc.c.obj
LOAD cmake/stm32cubemx/CMakeFiles/STM32_Drivers.dir/__/__/Drivers/STM32F1xx_HAL_Driver/Src/stm32f1xx_hal_adc_ex.c.obj
LOAD cmake/stm32cubemx/CMakeFiles/STM32_Drivers.dir/__/__/Drivers/STM32F1xx_HAL_Driver/Src/stm32f1xx_hal.c.obj
LOAD cmake/stm32cubemx/CMakeFiles/STM32_Drivers.dir/__/__/Drivers/STM32F1xx_HAL_Driver/Src/stm32f1xx_hal_rcc.c.obj
LOAD cmake/stm32cubemx/CMakeFiles/STM32_Drivers.dir/__/__/Drivers/STM32F1xx_HAL_Driver/Src/stm32f1xx_hal_rcc_ex.c.obj
LOAD cmake/stm32cubemx/CMakeFiles/STM32_Drivers.dir/__/__/Drivers/STM32F1xx_HAL_Driver/Src/stm32f1xx_hal_gpio.c.obj
LOAD cmake/stm32cubemx/CMakeFiles/STM32_Drivers.dir/__/__/Drivers/STM32F1xx_HAL_Driver/Src/stm32f1xx_hal_dma.c.obj
LOAD cmake/stm32cubemx/CMakeFiles/STM32_Drivers.dir/__/__/Drivers/STM32F1xx_HAL_Driver/Src/stm32f1xx_hal_cortex.c.obj
LOAD cmake/stm32cubemx/CMakeFiles/STM32_Drivers.dir/__/__/Drivers/STM32F1xx_HAL_Driver/Src/stm32f1xx_hal_pwr.c.obj
LOAD cmake/stm32cubemx/CMakeFiles/STM32_Drivers.dir/__/__/Drivers/STM32F1xx_HAL_Driver/Src/stm32f1xx_hal_flash.c.obj
LOAD cmake/stm32cubemx/CMakeFiles/STM32_Drivers.dir/__/__/Drivers/STM32F1xx_HAL_Driver/Src/stm32f1xx_hal_flash_ex.c.obj
LOAD cmake/stm32cubemx/CMakeFiles/STM32_Drivers.dir/__/__/Drivers/STM32F1xx_HAL_Driver/Src/stm32f1xx_hal_exti.c.obj
LOAD cmake/stm32cubemx/CMakeFiles/STM32_Drivers.dir/__/__/Drivers/STM32F1xx_HAL_Driver/Src/stm32f1xx_hal_i2c.c.obj
LOAD cmake/stm32cubemx/CMakeFiles/STM32_Drivers.dir/__/__/Drivers/STM32F1xx_HAL_Driver/Src/stm32f1xx_hal_uart.c.obj
LOAD CMakeFiles/Project_Nhung.dir/Src/main.c.obj
LOAD CMakeFiles/Project_Nhung.dir/Src/stm32f1xx_it.c.obj
LOAD CMakeFiles/Project_Nhung.dir/Src/stm32f1xx_hal_msp.c.obj
LOAD CMakeFiles/Project_Nhung.dir/Src/sysmem.c.obj
LOAD CMakeFiles/Project_Nhung.dir/Src/syscalls.c.obj
LOAD CMakeFiles/Project_Nhung.dir/startup_stm32f103xb.s.obj
LOAD CMakeFiles/Project_Nhung.dir/BSP/src/bsp_button.c.obj
LOAD CMakeFiles/Project_Nhung.dir/BSP/src/bsp_lcd.c.obj
LOAD CMakeFiles/Project_Nhung.dir/BSP/src/bsp_moisture.c.obj
LOAD CMakeFiles/Project_Nhung.dir/BSP/src/bsp_pump.c.obj
LOAD CMakeFiles/Project_Nhung.dir/BSP/src/bsp_rtc.c.obj
LOAD CMakeFiles/Project_Nhung.dir/BSP/src/bsp_dht22.c.obj
LOAD CMakeFiles/Project_Nhung.dir/Middleware/src/mid_button.c.obj
LOAD CMakeFiles/Project_Nhung.dir/Middleware/src/mid_display.c.obj
LOAD CMakeFiles/Project_Nhung.dir/Application/src/app_irrigation.c.obj
START GROUP
LOAD /opt/arm-gnu-toolchain/14.2.rel1/bin/../lib/gcc/arm-none-eabi/14.2.1/thumb/v7-m/nofp/libgcc.a
LOAD /opt/arm-gnu-toolchain/14.2.rel1/bin/../lib/gcc/arm-none-eabi/14.2.1/../../../../arm-none-eabi/lib/thumb/v7-m/nofp/libg_nano.a
LOAD /opt/arm-gnu-toolchain/14.2.rel1/bin/../lib/gcc/arm-none-eabi/14.2.1/../../../../arm-none-eabi/lib/thumb/v7-m/nofp/libc_nano.a
END GROUP
START GROUP
LOAD /opt/arm-gnu-toolchain/14.2.rel1/bin/../lib/gcc/arm-none-eabi/14.2.1/thumb/v7-m/nofp/libgcc.a
LOAD /opt/arm-gnu-toolchain/14.2.rel1/bin/../lib/gcc/arm-none-eabi/14.2.1/../../../../arm-none-eabi/lib/thumb/v7-m/nofp/libc_nano.a
END GROUP
LOAD /opt/arm-gnu-toolchain/14.2.rel1/bin/../lib/gcc/arm-none-eabi/14.2.1/thumb/v7-m/nofp/crtend.o
LOAD /opt/arm-gnu-toolchain/14.2.rel1/bin/../lib/gcc/arm-none-eabi/14.2.1/thumb/v7-m/nofp/crtn.o
                0x20005000                        _estack = (ORIGIN (RAM) + LENGTH (RAM))
                0x00000200                        _Min_Heap_Size = 0x200
                0x00000400                        _Min_Stack_Size = 0x400

.isr_vector     0x08000000      0x10c
                0x08000000                        . = ALIGN (0x4)
 *(.isr_vector)
 .isr_vector    0x08000000      0x10c CMakeFiles/Project_Nhung.dir/startup_stm32f103xb.s.obj
                0x08000000                g_pfnVectors
                0x0800010c                        . = ALIGN (0x4)

.text           0x0800010c     0x7500
                0x0800010c                        . = ALIGN (0x4)
 *(.text)
 .text          0x0800010c      0x378 /opt/arm-gnu-toolchain/14.2.rel1/bin/../lib/gcc/arm-none-eabi/14.2.1/thumb/v7-m/nofp/libgcc.a(_arm_addsubdf3.o)
                0x0800010c                __aeabi_drsub
                0x08000114                __aeabi_dsub
                0x08000114                __subdf3
                0x08000118                __adddf3
                0x08000118                __aeabi_dadd
                0x08000390                __aeabi_ui2d
                0x08000390                __floatunsidf
                0x080003b0                __floatsidf
                0x080003b0                __aeabi_i2d
                0x080003d4                __extendsfdf2
                0x080003d4                __aeabi_f2d
                0x08000418                __aeabi_ul2d
                0x08000418                __floatundidf
                0x08000428                __floatdidf
                0x08000428                __aeabi_l2d
 .text          0x08000484      0x21c /opt/arm-gnu-toolchain/14.2.rel1/bin/../lib/gcc/arm-none-eabi/14.2.1/thumb/v7-m/nofp/libgcc.a(_arm_addsubsf3.o)
                0x08000484                __aeabi_frsub
                0x0800048c                __subsf3
                0x0800048c                __aeabi_fsub
                0x08000490                __aeabi_fadd
                0x08000490                __addsf3
                0x080005f0                __aeabi_ui2f
                0x080005f0                __floatunsisf
                0x080005f8                __aeabi_i2f
                0x080005f8                __floatsisf
                0x08000614                __floatundisf
                0x08000614                __aeabi_ul2f
                0x08000624                __floatdisf
                0x08000624                __aeabi_l2f
 .text          0x080006a0      0x2a0 /opt/arm-gnu-toolchain/14.2.rel1/bin/../lib/gcc/arm-none-eabi/14.2.1/thumb/v7-m/nofp/libgcc.a(_arm_muldivsf3.o)
                0x080006a0                __mulsf3
                0x080006a0                __aeabi_fmul
                0x08000808                __divsf3
                0x08000808                __aeabi_fdiv
 .text          0x08000940       0xec /opt/arm-gnu-toolchain/14.2.rel1/bin/../lib/gcc/arm-none-eabi/14.2.1/thumb/v7-m/nofp/libgcc.a(_arm_cmpsf2.o)
                0x08000940                __gtsf2
                0x08000940                __gesf2
                0x08000948                __lesf2
                0x08000948                __ltsf2
                0x08000950                __nesf2
                0x08000950                __eqsf2
                0x08000950                __cmpsf2
                0x080009b0                __aeabi_cfrcmple
                0x080009b8                __aeabi_cfcmple
                0x080009b8                __aeabi_cfcmpeq
                0x080009c8                __aeabi_fcmpeq
                0x080009dc                __aeabi_fcmplt
                0x080009f0                __aeabi_fcmple
                0x08000a04                __aeabi_fcmpge
                0x08000a18                __aeabi_fcmpgt
 *(.text*)
 .text.deregister_tm_clones
                0x08000a2c       0x1c /opt/arm-gnu-toolchain/14.2.rel1/bin/../lib/gcc/arm-none-eabi/14.2.1/thumb/v7-m/nofp/crtbegin.o
 .text.register_tm_clones
                0x08000a48       0x24 /opt/arm-gnu-toolchain/14.2.rel1/bin/../lib/gcc/arm-none-eabi/14.2.1/thumb/v7-m/nofp/crtbegin.o
 .text.__do_global_dtors_aux
                0x08000a6c       0x28 /opt/arm-gnu-toolchain/14.2.rel1/bin/../lib/gcc/arm-none-eabi/14.2.1/thumb/v7-m/nofp/crtbegin.o
 .text.frame_dummy
                0x08000a94       0x24 /opt/arm-gnu-toolchain/14.2.rel1/bin/../lib/gcc/arm-none-eabi/14.2.1/thumb/v7-m/nofp/crtbegin.o
 .text.std      0x08000ab8       0x6c /opt/arm-gnu-toolchain/14.2.rel1/bin/../lib/gcc/arm-none-eabi/14.2.1/../../../../arm-none-eabi/lib/thumb/v7-m/nofp/libc_nano.a(libc_a-findfp.o)
 .text.stdio_exit_handler
                0x08000b24       0x18 /opt/arm-gnu-toolchain/14.2.rel1/bin/../lib/gcc/arm-none-eabi/14.2.1/../../../../arm-none-eabi/lib/thumb/v7-m/nofp/libc_nano.a(libc_a-findfp.o)
 .text.cleanup_stdio
                0x08000b3c       0x40 /opt/arm-gnu-toolchain/14.2.rel1/bin/../lib/gcc/arm-none-eabi/14.2.1/../../../../arm-none-eabi/lib/thumb/v7-m/nofp/libc_nano.a(libc_a-findfp.o)
 .text.global_stdio_init.part.0
                0x08000b7c       0x40 /opt/arm-gnu-toolchain/14.2.rel1/bin/../lib/gcc/arm-none-eabi/14.2.1/../../../../arm-none-eabi/lib/thumb/v7-m/nofp/libc_nano.a(libc_a-findfp.o)
 .text.__sfp_lock_acquire
                0x08000bbc        0xc /opt/arm-gnu-toolchain/14.2.rel1/bin/../lib/gcc/arm-none-eabi/14.2.1/../../../../arm-none-eabi/lib/thumb/v7-m/nofp/libc_nano.a(libc_a-findfp.o)
                0x08000bbc                __sfp_lock_acquire
 .text.__sfp_lock_release
                0x08000bc8        0xc /opt/arm-gnu-toolchain/14.2.rel1/bin/../lib/gcc/arm-none-eabi/14.2.1/../../../../arm-none-eabi/lib/thumb/v7-m/nofp/libc_nano.a(libc_a-findfp.o)
                0x08000bc8                __sfp_lock_release
 .text.__sinit  0x08000bd4       0x30 /opt/arm-gnu-toolchain/14.2.rel1/bin/../lib/gcc/arm-none-eabi/14.2.1/../../../../arm-none-eabi/lib/thumb/v7-m/nofp/libc_nano.a(libc_a-findfp.o)
                0x08000bd4                __sinit
 .text._fwalk_sglue
                0x08000c04       0x3c /opt/arm-gnu-toolchain/14.2.rel1/bin/../lib/gcc/arm-none-eabi/14.2.1/../../../../arm-none-eabi/lib/thumb/v7-m/nofp/libc_nano.a(libc_a-fwalk.o)
                0x08000c04                _fwalk_sglue
 .text.__sread  0x08000c40       0x22 /opt/arm-gnu-toolchain/14.2.rel1/bin/../lib/gcc/arm-none-eabi/14.2.1/../../../../arm-none-eabi/lib/thumb/v7-m/nofp/libc_nano.a(libc_a-stdio.o)
                0x08000c40                __sread
 .text.__swrite
                0x08000c62       0x38 /opt/arm-gnu-toolchain/14.2.rel1/bin/../lib/gcc/arm-none-eabi/14.2.1/../../../../arm-none-eabi/lib/thumb/v7-m/nofp/libc_nano.a(libc_a-stdio.o)
                0x08000c62                __swrite
 .text.__sseek  0x08000c9a       0x26 /opt/arm-gnu-toolchain/14.2.rel1/bin/../lib/gcc/arm-none-eabi/14.2.1/../../../../arm-none-eabi/lib/thumb/v7-m/nofp/libc_nano.a(libc_a-stdio.o)
                0x08000c9a                __sseek
 .text.__sclose
                0x08000cc0        0x8 /opt/arm-gnu-toolchain/14.2.rel1/bin/../lib/gcc/arm-none-eabi/14.2.1/../../../../arm-none-eabi/lib/thumb/v7-m/nofp/libc_nano.a(libc_a-stdio.o)
                0x08000cc0                __sclose
 .text.memset   0x08000cc8       0x10 /opt/arm-gnu-toolchain/14.2.rel1/bin/../lib/gcc/arm-none-eabi/14.2.1/../../../../arm-none-eabi/lib/thumb/v7-m/nofp/libc_nano.a(libc_a-memset.o)
                0x08000cc8                memset
 .text._close_r
                0x08000cd8       0x20 /opt/arm-gnu-toolchain/14.2.rel1/bin/../lib/gcc/arm-none-eabi/14.2.1/../../../../arm-none-eabi/lib/thumb/v7-m/nofp/libc_nano.a(libc_a-closer.o)
                0x08000cd8                _close_r
 .text._lseek_r
                0x08000cf8       0x24 /opt/arm-gnu-toolchain/14.2.rel1/bin/../lib/gcc/arm-none-eabi/14.2.1/../../../../arm-none-eabi/lib/thumb/v7-m/nofp/libc_nano.a(libc_a-lseekr.o)
                0x08000cf8                _lseek_r
 .text._read_r  0x08000d1c       0x24 /opt/arm-gnu-toolchain/14.2.rel1/bin/../lib/gcc/arm-none-eabi/14.2.1/../../../../arm-none-eabi/lib/thumb/v7-m/nofp/libc_nano.a(libc_a-readr.o)
                0x08000d1c                _read_r
 .text._write_r
                0x08000d40       0x24 /opt/arm-gnu-toolchain/14.2.rel1/bin/../lib/gcc/arm-none-eabi/14.2.1/../../../../arm-none-eabi/lib/thumb/v7-m/nofp/libc_nano.a(libc_a-writer.o)
                0x08000d40                _write_r
 .text.__libc_init_array
                0x08000d64       0x48 /opt/arm-gnu-toolchain/14.2.rel1/bin/../lib/gcc/arm-none-eabi/14.2.1/../../../../arm-none-eabi/lib/thumb/v7-m/nofp/libc_nano.a(libc_a-init.o)
                0x08000d64                __libc_init_array
 .text.__retarget_lock_init_recursive
                0x08000dac        0x2 /opt/arm-gnu-toolchain/14.2.rel1/bin/../lib/gcc/arm-none-eabi/14.2.1/../../../../arm-none-eabi/lib/thumb/v7-m/nofp/libc_nano.a(libc_a-lock.o)
                0x08000dac                __retarget_lock_init_recursive
 .text.__retarget_lock_acquire_recursive
                0x08000dae        0x2 /opt/arm-gnu-toolchain/14.2.rel1/bin/../lib/gcc/arm-none-eabi/14.2.1/../../../../arm-none-eabi/lib/thumb/v7-m/nofp/libc_nano.a(libc_a-lock.o)
                0x08000dae                __retarget_lock_acquire_recursive
 .text.__retarget_lock_release_recursive
                0x08000db0        0x2 /opt/arm-gnu-toolchain/14.2.rel1/bin/../lib/gcc/arm-none-eabi/14.2.1/../../../../arm-none-eabi/lib/thumb/v7-m/nofp/libc_nano.a(libc_a-lock.o)
                0x08000db0                __retarget_lock_release_recursive
 *fill*         0x08000db2        0x2 
 .text._free_r  0x08000db4       0x90 /opt/arm-gnu-toolchain/14.2.rel1/bin/../lib/gcc/arm-none-eabi/14.2.1/../../../../arm-none-eabi/lib/thumb/v7-m/nofp/libc_nano.a(libc_a-freer.o)
                0x08000db4                _free_r
 .text.sbrk_aligned
                0x08000e44       0x44 /opt/arm-gnu-toolchain/14.2.rel1/bin/../lib/gcc/arm-none-eabi/14.2.1/../../../../arm-none-eabi/lib/thumb/v7-m/nofp/libc_nano.a(libc_a-mallocr.o)
 .text._malloc_r
                0x08000e88      0x100 /opt/arm-gnu-toolchain/14.2.rel1/bin/../lib/gcc/arm-none-eabi/14.2.1/../../../../arm-none-eabi/lib/thumb/v7-m/nofp/libc_nano.a(libc_a-mallocr.o)
                0x08000e88                _malloc_r
 .text.__malloc_lock
                0x08000f88        0xc /opt/arm-gnu-toolchain/14.2.rel1/bin/../lib/gcc/arm-none-eabi/14.2.1/../../../../arm-none-eabi/lib/thumb/v7-m/nofp/libc_nano.a(libc_a-mlock.o)
                0x08000f88                __malloc_lock
 .text.__malloc_unlock
                0x08000f94        0xc /opt/arm-gnu-toolchain/14.2.rel1/bin/../lib/gcc/arm-none-eabi/14.2.1/../../../../arm-none-eabi/lib/thumb/v7-m/nofp/libc_nano.a(libc_a-mlock.o)
                0x08000f94                __malloc_unlock
 .text.__sflush_r
                0x08000fa0       0xfc /opt/arm-gnu-toolchain/14.2.rel1/bin/../lib/gcc/arm-none-eabi/14.2.1/../../../../arm-none-eabi/lib/thumb/v7-m/nofp/libc_nano.a(libc_a-fflush.o)
                0x08000fa0                __sflush_r
 .text._fflush_r
                0x0800109c       0x50 /opt/arm-gnu-toolchain/14.2.rel1/bin/../lib/gcc/arm-none-eabi/14.2.1/../../../../arm-none-eabi/lib/thumb/v7-m/nofp/libc_nano.a(libc_a-fflush.o)
                0x0800109c                _fflush_r
 .text._sbrk_r  0x080010ec       0x20 /opt/arm-gnu-toolchain/14.2.rel1/bin/../lib/gcc/arm-none-eabi/14.2.1/../../../../arm-none-eabi/lib/thumb/v7-m/nofp/libc_nano.a(libc_a-sbrkr.o)
                0x080010ec                _sbrk_r
 .text.SystemInit
                0x0800110c        0xc cmake/stm32cubemx/CMakeFiles/STM32_Drivers.dir/__/__/Src/system_stm32f1xx.c.obj
                0x0800110c                SystemInit
 .text.HAL_ADC_Init
                0x08001118      0x1b0 cmake/stm32cubemx/CMakeFiles/STM32_Drivers.dir/__/__/Drivers/STM32F1xx_HAL_Driver/Src/stm32f1xx_hal_adc.c.obj
                0x08001118                HAL_ADC_Init
 .text.HAL_ADC_Start
                0x080012c8      0x15c cmake/stm32cubemx/CMakeFiles/STM32_Drivers.dir/__/__/Drivers/STM32F1xx_HAL_Driver/Src/stm32f1xx_hal_adc.c.obj
                0x080012c8                HAL_ADC_Start
 .text.HAL_ADC_Stop
                0x08001424       0x58 cmake/stm32cubemx/CMakeFiles/STM32_Drivers.dir/__/__/Drivers/STM32F1xx_HAL_Driver/Src/stm32f1xx_hal_adc.c.obj
                0x08001424                HAL_ADC_Stop
 .text.HAL_ADC_PollForConversion
                0x0800147c      0x20c cmake/stm32cubemx/CMakeFiles/STM32_Drivers.dir/__/__/Drivers/STM32F1xx_HAL_Driver/Src/stm32f1xx_hal_adc.c.obj
                0x0800147c                HAL_ADC_PollForConversion
 .text.HAL_ADC_GetValue
                0x08001688       0x18 cmake/stm32cubemx/CMakeFiles/STM32_Drivers.dir/__/__/Drivers/STM32F1xx_HAL_Driver/Src/stm32f1xx_hal_adc.c.obj
                0x08001688                HAL_ADC_GetValue
 .text.HAL_ADC_ConfigChannel
                0x080016a0      0x1f0 cmake/stm32cubemx/CMakeFiles/STM32_Drivers.dir/__/__/Drivers/STM32F1xx_HAL_Driver/Src/stm32f1xx_hal_adc.c.obj
                0x080016a0                HAL_ADC_ConfigChannel
 .text.ADC_Enable
                0x08001890       0xb4 cmake/stm32cubemx/CMakeFiles/STM32_Drivers.dir/__/__/Drivers/STM32F1xx_HAL_Driver/Src/stm32f1xx_hal_adc.c.obj
                0x08001890                ADC_Enable
 .text.ADC_ConversionStop_Disable
                0x08001944       0x82 cmake/stm32cubemx/CMakeFiles/STM32_Drivers.dir/__/__/Drivers/STM32F1xx_HAL_Driver/Src/stm32f1xx_hal_adc.c.obj
                0x08001944                ADC_ConversionStop_Disable
 *fill*         0x080019c6        0x2 
 .text.HAL_Init
                0x080019c8       0x2c cmake/stm32cubemx/CMakeFiles/STM32_Drivers.dir/__/__/Drivers/STM32F1xx_HAL_Driver/Src/stm32f1xx_hal.c.obj
                0x080019c8                HAL_Init
 .text.HAL_InitTick
                0x080019f4       0x60 cmake/stm32cubemx/CMakeFiles/STM32_Drivers.dir/__/__/Drivers/STM32F1xx_HAL_Driver/Src/stm32f1xx_hal.c.obj
                0x080019f4                HAL_InitTick
 .text.HAL_IncTick
                0x08001a54       0x24 cmake/stm32cubemx/CMakeFiles/STM32_Drivers.dir/__/__/Drivers/STM32F1xx_HAL_Driver/Src/stm32f1xx_hal.c.obj
                0x08001a54                HAL_IncTick
 .text.HAL_GetTick
                0x08001a78       0x14 cmake/stm32cubemx/CMakeFiles/STM32_Drivers.dir/__/__/Drivers/STM32F1xx_HAL_Driver/Src/stm32f1xx_hal.c.obj
                0x08001a78                HAL_GetTick
 .text.HAL_Delay
                0x08001a8c       0x48 cmake/stm32cubemx/CMakeFiles/STM32_Drivers.dir/__/__/Drivers/STM32F1xx_HAL_Driver/Src/stm32f1xx_hal.c.obj
                0x08001a8c                HAL_Delay
 .text.HAL_RCC_OscConfig
                0x08001ad4      0x504 cmake/stm32cubemx/CMakeFiles/STM32_Drivers.dir/__/__/Drivers/STM32F1xx_HAL_Driver/Src/stm32f1xx_hal_rcc.c.obj
                0x08001ad4                HAL_RCC_OscConfig
 .text.HAL_RCC_ClockConfig
                0x08001fd8      0x1d4 cmake/stm32cubemx/CMakeFiles/STM32_Drivers.dir/__/__/Drivers/STM32F1xx_HAL_Driver/Src/stm32f1xx_hal_rcc.c.obj
                0x08001fd8                HAL_RCC_ClockConfig
 .text.HAL_RCC_GetSysClockFreq
                0x080021ac       0xa8 cmake/stm32cubemx/CMakeFiles/STM32_Drivers.dir/__/__/Drivers/STM32F1xx_HAL_Driver/Src/stm32f1xx_hal_rcc.c.obj
                0x080021ac                HAL_RCC_GetSysClockFreq
 .text.HAL_RCC_GetHCLKFreq
                0x08002254       0x14 cmake/stm32cubemx/CMakeFiles/STM32_Drivers.dir/__/__/Drivers/STM32F1xx_HAL_Driver/Src/stm32f1xx_hal_rcc.c.obj
                0x08002254                HAL_RCC_GetHCLKFreq
 .text.HAL_RCC_GetPCLK1Freq
                0x08002268       0x28 cmake/stm32cubemx/CMakeFiles/STM32_Drivers.dir/__/__/Drivers/STM32F1xx_HAL_Driver/Src/stm32f1xx_hal_rcc.c.obj
                0x08002268                HAL_RCC_GetPCLK1Freq
 .text.HAL_RCC_GetPCLK2Freq
                0x08002290       0x28 cmake/stm32cubemx/CMakeFiles/STM32_Drivers.dir/__/__/Drivers/STM32F1xx_HAL_Driver/Src/stm32f1xx_hal_rcc.c.obj
                0x08002290                HAL_RCC_GetPCLK2Freq
 .text.RCC_Delay
                0x080022b8       0x3c cmake/stm32cubemx/CMakeFiles/STM32_Drivers.dir/__/__/Drivers/STM32F1xx_HAL_Driver/Src/stm32f1xx_hal_rcc.c.obj
 .text.HAL_RCCEx_PeriphCLKConfig
                0x080022f4      0x16c cmake/stm32cubemx/CMakeFiles/STM32_Drivers.dir/__/__/Drivers/STM32F1xx_HAL_Driver/Src/stm32f1xx_hal_rcc_ex.c.obj
                0x080022f4                HAL_RCCEx_PeriphCLKConfig
 .text.HAL_RCCEx_GetPeriphCLKFreq
                0x08002460      0x16c cmake/stm32cubemx/CMakeFiles/STM32_Drivers.dir/__/__/Drivers/STM32F1xx_HAL_Driver/Src/stm32f1xx_hal_rcc_ex.c.obj
                0x08002460                HAL_RCCEx_GetPeriphCLKFreq
 .text.HAL_GPIO_Init
                0x080025cc      0x308 cmake/stm32cubemx/CMakeFiles/STM32_Drivers.dir/__/__/Drivers/STM32F1xx_HAL_Driver/Src/stm32f1xx_hal_gpio.c.obj
                0x080025cc                HAL_GPIO_Init
 .text.HAL_GPIO_ReadPin
                0x080028d4       0x2e cmake/stm32cubemx/CMakeFiles/STM32_Drivers.dir/__/__/Drivers/STM32F1xx_HAL_Driver/Src/stm32f1xx_hal_gpio.c.obj
                0x080028d4                HAL_GPIO_ReadPin
 .text.HAL_GPIO_WritePin
                0x08002902       0x30 cmake/stm32cubemx/CMakeFiles/STM32_Drivers.dir/__/__/Drivers/STM32F1xx_HAL_Driver/Src/stm32f1xx_hal_gpio.c.obj
                0x08002902                HAL_GPIO_WritePin
 *fill*         0x08002932        0x2 
 .text.__NVIC_SetPriorityGrouping
                0x08002934       0x48 cmake/stm32cubemx/CMakeFiles/STM32_Drivers.dir/__/__/Drivers/STM32F1xx_HAL_Driver/Src/stm32f1xx_hal_cortex.c.obj
 .text.__NVIC_GetPriorityGrouping
                0x0800297c       0x1c cmake/stm32cubemx/CMakeFiles/STM32_Drivers.dir/__/__/Drivers/STM32F1xx_HAL_Driver/Src/stm32f1xx_hal_cortex.c.obj
 .text.__NVIC_SetPriority
                0x08002998       0x54 cmake/stm32cubemx/CMakeFiles/STM32_Drivers.dir/__/__/Drivers/STM32F1xx_HAL_Driver/Src/stm32f1xx_hal_cortex.c.obj
 .text.NVIC_EncodePriority
                0x080029ec       0x64 cmake/stm32cubemx/CMakeFiles/STM32_Drivers.dir/__/__/Drivers/STM32F1xx_HAL_Driver/Src/stm32f1xx_hal_cortex.c.obj
 .text.SysTick_Config
                0x08002a50       0x44 cmake/stm32cubemx/CMakeFiles/STM32_Drivers.dir/__/__/Drivers/STM32F1xx_HAL_Driver/Src/stm32f1xx_hal_cortex.c.obj
 .text.HAL_NVIC_SetPriorityGrouping
                0x08002a94       0x16 cmake/stm32cubemx/CMakeFiles/STM32_Drivers.dir/__/__/Drivers/STM32F1xx_HAL_Driver/Src/stm32f1xx_hal_cortex.c.obj
                0x08002a94                HAL_NVIC_SetPriorityGrouping
 .text.HAL_NVIC_SetPriority
                0x08002aaa       0x38 cmake/stm32cubemx/CMakeFiles/STM32_Drivers.dir/__/__/Drivers/STM32F1xx_HAL_Driver/Src/stm32f1xx_hal_cortex.c.obj
                0x08002aaa                HAL_NVIC_SetPriority
 .text.HAL_SYSTICK_Config
                0x08002ae2       0x18 cmake/stm32cubemx/CMakeFiles/STM32_Drivers.dir/__/__/Drivers/STM32F1xx_HAL_Driver/Src/stm32f1xx_hal_cortex.c.obj
                0x08002ae2                HAL_SYSTICK_Config
 *fill*         0x08002afa        0x2 
 .text.HAL_I2C_Init
                0x08002afc      0x288 cmake/stm32cubemx/CMakeFiles/STM32_Drivers.dir/__/__/Drivers/STM32F1xx_HAL_Driver/Src/stm32f1xx_hal_i2c.c.obj
                0x08002afc                HAL_I2C_Init
 .text.HAL_I2C_Master_Transmit
                0x08002d84      0x1fc cmake/stm32cubemx/CMakeFiles/STM32_Drivers.dir/__/__/Drivers/STM32F1xx_HAL_Driver/Src/stm32f1xx_hal_i2c.c.obj
                0x08002d84                HAL_I2C_Master_Transmit
 .text.HAL_I2C_Master_Receive
                0x08002f80      0x4d8 cmake/stm32cubemx/CMakeFiles/STM32_Drivers.dir/__/__/Drivers/STM32F1xx_HAL_Driver/Src/stm32f1xx_hal_i2c.c.obj
                0x08002f80                HAL_I2C_Master_Receive
 .text.HAL_I2C_IsDeviceReady
                0x08003458      0x25c cmake/stm32cubemx/CMakeFiles/STM32_Drivers.dir/__/__/Drivers/STM32F1xx_HAL_Driver/Src/stm32f1xx_hal_i2c.c.obj
                0x08003458                HAL_I2C_IsDeviceReady
 .text.I2C_MasterRequestWrite
                0x080036b4      0x104 cmake/stm32cubemx/CMakeFiles/STM32_Drivers.dir/__/__/Drivers/STM32F1xx_HAL_Driver/Src/stm32f1xx_hal_i2c.c.obj
 .text.I2C_MasterRequestRead
                0x080037b8      0x19c cmake/stm32cubemx/CMakeFiles/STM32_Drivers.dir/__/__/Drivers/STM32F1xx_HAL_Driver/Src/stm32f1xx_hal_i2c.c.obj
 .text.I2C_WaitOnFlagUntilTimeout
                0x08003954       0xf4 cmake/stm32cubemx/CMakeFiles/STM32_Drivers.dir/__/__/Drivers/STM32F1xx_HAL_Driver/Src/stm32f1xx_hal_i2c.c.obj
 .text.I2C_WaitOnMasterAddressFlagUntilTimeout
                0x08003a48      0x140 cmake/stm32cubemx/CMakeFiles/STM32_Drivers.dir/__/__/Drivers/STM32F1xx_HAL_Driver/Src/stm32f1xx_hal_i2c.c.obj
 .text.I2C_WaitOnTXEFlagUntilTimeout
                0x08003b88       0x90 cmake/stm32cubemx/CMakeFiles/STM32_Drivers.dir/__/__/Drivers/STM32F1xx_HAL_Driver/Src/stm32f1xx_hal_i2c.c.obj
 .text.I2C_WaitOnBTFFlagUntilTimeout
                0x08003c18       0x90 cmake/stm32cubemx/CMakeFiles/STM32_Drivers.dir/__/__/Drivers/STM32F1xx_HAL_Driver/Src/stm32f1xx_hal_i2c.c.obj
 .text.I2C_WaitOnRXNEFlagUntilTimeout
                0x08003ca8       0xba cmake/stm32cubemx/CMakeFiles/STM32_Drivers.dir/__/__/Drivers/STM32F1xx_HAL_Driver/Src/stm32f1xx_hal_i2c.c.obj
 .text.I2C_IsAcknowledgeFailed
                0x08003d62       0x5c cmake/stm32cubemx/CMakeFiles/STM32_Drivers.dir/__/__/Drivers/STM32F1xx_HAL_Driver/Src/stm32f1xx_hal_i2c.c.obj
 .text.HAL_UART_Init
                0x08003dbe       0xa0 cmake/stm32cubemx/CMakeFiles/STM32_Drivers.dir/__/__/Drivers/STM32F1xx_HAL_Driver/Src/stm32f1xx_hal_uart.c.obj
                0x08003dbe                HAL_UART_Init
 .text.HAL_UART_Transmit
                0x08003e5e      0x116 cmake/stm32cubemx/CMakeFiles/STM32_Drivers.dir/__/__/Drivers/STM32F1xx_HAL_Driver/Src/stm32f1xx_hal_uart.c.obj
                0x08003e5e                HAL_UART_Transmit
 .text.UART_WaitOnFlagUntilTimeout
                0x08003f74       0xb2 cmake/stm32cubemx/CMakeFiles/STM32_Drivers.dir/__/__/Drivers/STM32F1xx_HAL_Driver/Src/stm32f1xx_hal_uart.c.obj
 .text.UART_EndRxTransfer
                0x08004026       0xc4 cmake/stm32cubemx/CMakeFiles/STM32_Drivers.dir/__/__/Drivers/STM32F1xx_HAL_Driver/Src/stm32f1xx_hal_uart.c.obj
 *fill*         0x080040ea        0x2 
 .text.UART_SetConfig
                0x080040ec      0x11c cmake/stm32cubemx/CMakeFiles/STM32_Drivers.dir/__/__/Drivers/STM32F1xx_HAL_Driver/Src/stm32f1xx_hal_uart.c.obj
 .text.main     0x08004208       0x40 CMakeFiles/Project_Nhung.dir/Src/main.c.obj
                0x08004208                main
 .text.SystemClock_Config
                0x08004248       0xb6 CMakeFiles/Project_Nhung.dir/Src/main.c.obj
                0x08004248                SystemClock_Config
 *fill*         0x080042fe        0x2 
 .text.MX_ADC1_Init
                0x08004300       0x7c CMakeFiles/Project_Nhung.dir/Src/main.c.obj
 .text.MX_I2C2_Init
                0x0800437c       0x5c CMakeFiles/Project_Nhung.dir/Src/main.c.obj
 .text.MX_USART1_UART_Init
                0x080043d8       0x54 CMakeFiles/Project_Nhung.dir/Src/main.c.obj
 .text.MX_GPIO_Init
                0x0800442c       0xb0 CMakeFiles/Project_Nhung.dir/Src/main.c.obj
 .text.Error_Handler
                0x080044dc        0xc CMakeFiles/Project_Nhung.dir/Src/main.c.obj
                0x080044dc                Error_Handler
 .text.NMI_Handler
                0x080044e8        0x8 CMakeFiles/Project_Nhung.dir/Src/stm32f1xx_it.c.obj
                0x080044e8                NMI_Handler
 .text.HardFault_Handler
                0x080044f0        0x8 CMakeFiles/Project_Nhung.dir/Src/stm32f1xx_it.c.obj
                0x080044f0                HardFault_Handler
 .text.MemManage_Handler
                0x080044f8        0x8 CMakeFiles/Project_Nhung.dir/Src/stm32f1xx_it.c.obj
                0x080044f8                MemManage_Handler
 .text.BusFault_Handler
                0x08004500        0x8 CMakeFiles/Project_Nhung.dir/Src/stm32f1xx_it.c.obj
                0x08004500                BusFault_Handler
 .text.UsageFault_Handler
                0x08004508        0x8 CMakeFiles/Project_Nhung.dir/Src/stm32f1xx_it.c.obj
                0x08004508                UsageFault_Handler
 .text.SVC_Handler
                0x08004510        0xc CMakeFiles/Project_Nhung.dir/Src/stm32f1xx_it.c.obj
                0x08004510                SVC_Handler
 .text.DebugMon_Handler
                0x0800451c        0xc CMakeFiles/Project_Nhung.dir/Src/stm32f1xx_it.c.obj
                0x0800451c                DebugMon_Handler
 .text.PendSV_Handler
                0x08004528        0xc CMakeFiles/Project_Nhung.dir/Src/stm32f1xx_it.c.obj
                0x08004528                PendSV_Handler
 .text.SysTick_Handler
                0x08004534        0xc CMakeFiles/Project_Nhung.dir/Src/stm32f1xx_it.c.obj
                0x08004534                SysTick_Handler
 .text.HAL_MspInit
                0x08004540       0x64 CMakeFiles/Project_Nhung.dir/Src/stm32f1xx_hal_msp.c.obj
                0x08004540                HAL_MspInit
 .text.HAL_ADC_MspInit
                0x080045a4       0x78 CMakeFiles/Project_Nhung.dir/Src/stm32f1xx_hal_msp.c.obj
                0x080045a4                HAL_ADC_MspInit
 .text.HAL_I2C_MspInit
                0x0800461c       0x80 CMakeFiles/Project_Nhung.dir/Src/stm32f1xx_hal_msp.c.obj
                0x0800461c                HAL_I2C_MspInit
 .text.HAL_UART_MspInit
                0x0800469c       0x98 CMakeFiles/Project_Nhung.dir/Src/stm32f1xx_hal_msp.c.obj
                0x0800469c                HAL_UART_MspInit
 .text._sbrk    0x08004734       0x6c CMakeFiles/Project_Nhung.dir/Src/sysmem.c.obj
                0x08004734                _sbrk
 .text._read    0x080047a0       0x3a CMakeFiles/Project_Nhung.dir/Src/syscalls.c.obj
                0x080047a0                _read
 .text._close   0x080047da       0x16 CMakeFiles/Project_Nhung.dir/Src/syscalls.c.obj
                0x080047da                _close
 .text._fstat   0x080047f0       0x1e CMakeFiles/Project_Nhung.dir/Src/syscalls.c.obj
                0x080047f0                _fstat
 .text._isatty  0x0800480e       0x14 CMakeFiles/Project_Nhung.dir/Src/syscalls.c.obj
                0x0800480e                _isatty
 .text._lseek   0x08004822       0x18 CMakeFiles/Project_Nhung.dir/Src/syscalls.c.obj
                0x08004822                _lseek
 *fill*         0x0800483a        0x2 
 .text.Reset_Handler
                0x0800483c       0x48 CMakeFiles/Project_Nhung.dir/startup_stm32f103xb.s.obj
                0x0800483c                Reset_Handler
 .text.Default_Handler
                0x08004884        0x2 CMakeFiles/Project_Nhung.dir/startup_stm32f103xb.s.obj
                0x08004884                RTC_Alarm_IRQHandler
                0x08004884                EXTI2_IRQHandler
                0x08004884                TIM1_CC_IRQHandler
                0x08004884                PVD_IRQHandler
                0x08004884                EXTI3_IRQHandler
                0x08004884                EXTI0_IRQHandler
                0x08004884                I2C2_EV_IRQHandler
                0x08004884                ADC1_2_IRQHandler
                0x08004884                SPI1_IRQHandler
                0x08004884                TAMPER_IRQHandler
                0x08004884                DMA1_Channel4_IRQHandler
                0x08004884                USART3_IRQHandler
                0x08004884                RTC_IRQHandler
                0x08004884                DMA1_Channel7_IRQHandler
                0x08004884                CAN1_RX1_IRQHandler
                0x08004884                TIM4_IRQHandler
                0x08004884                I2C1_EV_IRQHandler
                0x08004884                DMA1_Channel6_IRQHandler
                0x08004884                TIM3_IRQHandler
                0x08004884                RCC_IRQHandler
                0x08004884                TIM1_TRG_COM_IRQHandler
                0x08004884                DMA1_Channel1_IRQHandler
                0x08004884                Default_Handler
                0x08004884                EXTI15_10_IRQHandler
                0x08004884                EXTI9_5_IRQHandler
                0x08004884                SPI2_IRQHandler
                0x08004884                DMA1_Channel5_IRQHandler
                0x08004884                EXTI4_IRQHandler
                0x08004884                USB_LP_CAN1_RX0_IRQHandler
                0x08004884                USB_HP_CAN1_TX_IRQHandler
                0x08004884                DMA1_Channel3_IRQHandler
                0x08004884                TIM1_UP_IRQHandler
                0x08004884                WWDG_IRQHandler
                0x08004884                TIM2_IRQHandler
                0x08004884                TIM1_BRK_IRQHandler
                0x08004884                EXTI1_IRQHandler
                0x08004884                USART2_IRQHandler
                0x08004884                I2C2_ER_IRQHandler
                0x08004884                DMA1_Channel2_IRQHandler
                0x08004884                CAN1_SCE_IRQHandler
                0x08004884                FLASH_IRQHandler
                0x08004884                USART1_IRQHandler
                0x08004884                I2C1_ER_IRQHandler
                0x08004884                USBWakeUp_IRQHandler
 *fill*         0x08004886        0x2 
 .text.BSP_Button_Init
                0x08004888       0x8c CMakeFiles/Project_Nhung.dir/BSP/src/bsp_button.c.obj
                0x08004888                BSP_Button_Init
 .text.BSP_Button_Read
                0x08004914       0x44 CMakeFiles/Project_Nhung.dir/BSP/src/bsp_button.c.obj
                0x08004914                BSP_Button_Read
 .text.BSP_Button_Read_Debounced
                0x08004958       0xc8 CMakeFiles/Project_Nhung.dir/BSP/src/bsp_button.c.obj
                0x08004958                BSP_Button_Read_Debounced
 .text.BSP_Button_Update
                0x08004a20       0x2c CMakeFiles/Project_Nhung.dir/BSP/src/bsp_button.c.obj
                0x08004a20                BSP_Button_Update
 .text.lcd_write_i2c
                0x08004a4c       0x58 CMakeFiles/Project_Nhung.dir/BSP/src/bsp_lcd.c.obj
 .text.lcd_send_nibble
                0x08004aa4       0x58 CMakeFiles/Project_Nhung.dir/BSP/src/bsp_lcd.c.obj
 .text.lcd_send_byte
                0x08004afc       0x3a CMakeFiles/Project_Nhung.dir/BSP/src/bsp_lcd.c.obj
 *fill*         0x08004b36        0x2 
 .text.BSP_LCD_Init
                0x08004b38       0xfc CMakeFiles/Project_Nhung.dir/BSP/src/bsp_lcd.c.obj
                0x08004b38                BSP_LCD_Init
 .text.BSP_LCD_Send_Cmd
                0x08004c34       0x2e CMakeFiles/Project_Nhung.dir/BSP/src/bsp_lcd.c.obj
                0x08004c34                BSP_LCD_Send_Cmd
 .text.BSP_LCD_Send_Data
                0x08004c62       0x1c CMakeFiles/Project_Nhung.dir/BSP/src/bsp_lcd.c.obj
                0x08004c62                BSP_LCD_Send_Data
 .text.BSP_LCD_Clear
                0x08004c7e        0xe CMakeFiles/Project_Nhung.dir/BSP/src/bsp_lcd.c.obj
                0x08004c7e                BSP_LCD_Clear
 .text.BSP_LCD_SetCursor
                0x08004c8c       0x54 CMakeFiles/Project_Nhung.dir/BSP/src/bsp_lcd.c.obj
                0x08004c8c                BSP_LCD_SetCursor
 .text.BSP_LCD_Send_String
                0x08004ce0       0x2a CMakeFiles/Project_Nhung.dir/BSP/src/bsp_lcd.c.obj
                0x08004ce0                BSP_LCD_Send_String
 *fill*         0x08004d0a        0x2 
 .text.BSP_Moisture_Init
                0x08004d0c       0x2c CMakeFiles/Project_Nhung.dir/BSP/src/bsp_moisture.c.obj
                0x08004d0c                BSP_Moisture_Init
 .text.BSP_Moisture_Read_Raw
                0x08004d38       0x4c CMakeFiles/Project_Nhung.dir/BSP/src/bsp_moisture.c.obj
                0x08004d38                BSP_Moisture_Read_Raw
 .text.BSP_Moisture_Get_Percent
                0x08004d84       0x58 CMakeFiles/Project_Nhung.dir/BSP/src/bsp_moisture.c.obj
                0x08004d84                BSP_Moisture_Get_Percent
 .text.BSP_Pump_Init
                0x08004ddc        0xc CMakeFiles/Project_Nhung.dir/BSP/src/bsp_pump.c.obj
                0x08004ddc                BSP_Pump_Init
 .text.BSP_Pump_On
                0x08004de8       0x24 CMakeFiles/Project_Nhung.dir/BSP/src/bsp_pump.c.obj
                0x08004de8                BSP_Pump_On
 .text.BSP_Pump_Off
                0x08004e0c       0x24 CMakeFiles/Project_Nhung.dir/BSP/src/bsp_pump.c.obj
                0x08004e0c                BSP_Pump_Off
 .text.BSP_Pump_GetState
                0x08004e30       0x14 CMakeFiles/Project_Nhung.dir/BSP/src/bsp_pump.c.obj
                0x08004e30                BSP_Pump_GetState
 .text.bcd_to_dec
                0x08004e44       0x30 CMakeFiles/Project_Nhung.dir/BSP/src/bsp_rtc.c.obj
 .text.dec_to_bcd
                0x08004e74       0x48 CMakeFiles/Project_Nhung.dir/BSP/src/bsp_rtc.c.obj
 .text.BSP_RTC_Init
                0x08004ebc      0x1ac CMakeFiles/Project_Nhung.dir/BSP/src/bsp_rtc.c.obj
                0x08004ebc                BSP_RTC_Init
 .text.BSP_RTC_GetTime
                0x08005068      0x130 CMakeFiles/Project_Nhung.dir/BSP/src/bsp_rtc.c.obj
                0x08005068                BSP_RTC_GetTime
 .text.BSP_RTC_SetTime
                0x08005198      0x114 CMakeFiles/Project_Nhung.dir/BSP/src/bsp_rtc.c.obj
                0x08005198                BSP_RTC_SetTime
 .text.DHT22_DelayUs
                0x080052ac       0x4c CMakeFiles/Project_Nhung.dir/BSP/src/bsp_dht22.c.obj
 .text.BSP_DHT22_Init
                0x080052f8       0xb0 CMakeFiles/Project_Nhung.dir/BSP/src/bsp_dht22.c.obj
                0x080052f8                BSP_DHT22_Init
 .text.DHT22_SetPinOutput
                0x080053a8       0x3c CMakeFiles/Project_Nhung.dir/BSP/src/bsp_dht22.c.obj
 .text.DHT22_SetPinInput
                0x080053e4       0x38 CMakeFiles/Project_Nhung.dir/BSP/src/bsp_dht22.c.obj
 .text.DHT22_PinHigh
                0x0800541c       0x18 CMakeFiles/Project_Nhung.dir/BSP/src/bsp_dht22.c.obj
 .text.DHT22_PinLow
                0x08005434       0x18 CMakeFiles/Project_Nhung.dir/BSP/src/bsp_dht22.c.obj
 .text.DHT22_PinRead
                0x0800544c       0x18 CMakeFiles/Project_Nhung.dir/BSP/src/bsp_dht22.c.obj
 .text.DHT22_Start
                0x08005464       0x26 CMakeFiles/Project_Nhung.dir/BSP/src/bsp_dht22.c.obj
 *fill*         0x0800548a        0x2 
 .text.DHT22_CheckResponse
                0x0800548c       0xb8 CMakeFiles/Project_Nhung.dir/BSP/src/bsp_dht22.c.obj
 .text.DHT22_ReadByte
                0x08005544       0x96 CMakeFiles/Project_Nhung.dir/BSP/src/bsp_dht22.c.obj
 *fill*         0x080055da        0x2 
 .text.BSP_DHT22_Read
                0x080055dc      0x1dc CMakeFiles/Project_Nhung.dir/BSP/src/bsp_dht22.c.obj
                0x080055dc                BSP_DHT22_Read
 .text.BSP_DHT22_GetTemperature
                0x080057b8       0x14 CMakeFiles/Project_Nhung.dir/BSP/src/bsp_dht22.c.obj
                0x080057b8                BSP_DHT22_GetTemperature
 .text.BSP_DHT22_GetHumidity
                0x080057cc       0x14 CMakeFiles/Project_Nhung.dir/BSP/src/bsp_dht22.c.obj
                0x080057cc                BSP_DHT22_GetHumidity
 .text.MID_Button_Init
                0x080057e0       0xa0 CMakeFiles/Project_Nhung.dir/Middleware/src/mid_button.c.obj
                0x080057e0                MID_Button_Init
 .text.MID_Button_Update
                0x08005880      0x128 CMakeFiles/Project_Nhung.dir/Middleware/src/mid_button.c.obj
                0x08005880                MID_Button_Update
 .text.MID_Button_IsPressed
                0x080059a8       0x54 CMakeFiles/Project_Nhung.dir/Middleware/src/mid_button.c.obj
                0x080059a8                MID_Button_IsPressed
 .text.MID_Display_Init
                0x080059fc       0x2c CMakeFiles/Project_Nhung.dir/Middleware/src/mid_display.c.obj
                0x080059fc                MID_Display_Init
 .text.MID_Display_ShowMenu
                0x08005a28       0x30 CMakeFiles/Project_Nhung.dir/Middleware/src/mid_display.c.obj
                0x08005a28                MID_Display_ShowMenu
 .text.MID_Display_ShowManual
                0x08005a58       0x4c CMakeFiles/Project_Nhung.dir/Middleware/src/mid_display.c.obj
                0x08005a58                MID_Display_ShowManual
 .text.MID_Display_ShowDHT
                0x08005aa4       0x7c CMakeFiles/Project_Nhung.dir/Middleware/src/mid_display.c.obj
                0x08005aa4                MID_Display_ShowDHT
 .text.MID_Display_ShowAuto
                0x08005b20       0x6c CMakeFiles/Project_Nhung.dir/Middleware/src/mid_display.c.obj
                0x08005b20                MID_Display_ShowAuto
 .text.MID_Display_ShowTime
                0x08005b8c       0x60 CMakeFiles/Project_Nhung.dir/Middleware/src/mid_display.c.obj
                0x08005b8c                MID_Display_ShowTime
 .text.MID_Display_ShowSetTime
                0x08005bec       0x90 CMakeFiles/Project_Nhung.dir/Middleware/src/mid_display.c.obj
                0x08005bec                MID_Display_ShowSetTime
 .text.MID_Display_Clear
                0x08005c7c        0xc CMakeFiles/Project_Nhung.dir/Middleware/src/mid_display.c.obj
                0x08005c7c                MID_Display_Clear
 .text.MID_Display_ShowTimerMenu
                0x08005c88       0x30 CMakeFiles/Project_Nhung.dir/Middleware/src/mid_display.c.obj
                0x08005c88                MID_Display_ShowTimerMenu
 .text.MID_Display_ShowSetSchedule
                0x08005cb8       0x98 CMakeFiles/Project_Nhung.dir/Middleware/src/mid_display.c.obj
                0x08005cb8                MID_Display_ShowSetSchedule
 .text._write   0x08005d50       0x40 CMakeFiles/Project_Nhung.dir/Application/src/app_irrigation.c.obj
                0x08005d50                _write
 .text.I2C_Scanner
                0x08005d90       0x6c CMakeFiles/Project_Nhung.dir/Application/src/app_irrigation.c.obj
 .text.APP_Irrigation_Init
                0x08005dfc      0x114 CMakeFiles/Project_Nhung.dir/Application/src/app_irrigation.c.obj
                0x08005dfc                APP_Irrigation_Init
 .text.APP_Irrigation_Run
                0x08005f10      0x178 CMakeFiles/Project_Nhung.dir/Application/src/app_irrigation.c.obj
                0x08005f10                APP_Irrigation_Run
 .text.handle_state_startup
                0x08006088       0x1c CMakeFiles/Project_Nhung.dir/Application/src/app_irrigation.c.obj
 .text.handle_state_menu
                0x080060a4       0xa4 CMakeFiles/Project_Nhung.dir/Application/src/app_irrigation.c.obj
 .text.handle_state_manual
                0x08006148       0xb8 CMakeFiles/Project_Nhung.dir/Application/src/app_irrigation.c.obj
 .text.handle_state_auto
                0x08006200      0x118 CMakeFiles/Project_Nhung.dir/Application/src/app_irrigation.c.obj
 .text.handle_state_timer_display
                0x08006318       0x64 CMakeFiles/Project_Nhung.dir/Application/src/app_irrigation.c.obj
 .text.handle_state_timer_menu
                0x0800637c      0x140 CMakeFiles/Project_Nhung.dir/Application/src/app_irrigation.c.obj
 .text.handle_state_timer_set_time
                0x080064bc      0x1cc CMakeFiles/Project_Nhung.dir/Application/src/app_irrigation.c.obj
 .text.handle_state_timer_set_schedule
                0x08006688      0x1e8 CMakeFiles/Project_Nhung.dir/Application/src/app_irrigation.c.obj
 .text.check_watering_schedule
                0x08006870       0xd8 CMakeFiles/Project_Nhung.dir/Application/src/app_irrigation.c.obj
 .text.printf   0x08006948       0x24 /opt/arm-gnu-toolchain/14.2.rel1/bin/../lib/gcc/arm-none-eabi/14.2.1/../../../../arm-none-eabi/lib/thumb/v7-m/nofp/libg_nano.a(libc_a-printf.o)
                0x08006948                printf
                0x08006948                iprintf
 .text._puts_r  0x0800696c       0xaa /opt/arm-gnu-toolchain/14.2.rel1/bin/../lib/gcc/arm-none-eabi/14.2.1/../../../../arm-none-eabi/lib/thumb/v7-m/nofp/libg_nano.a(libc_a-puts.o)
                0x0800696c                _puts_r
 *fill*         0x08006a16        0x2 
 .text.puts     0x08006a18       0x10 /opt/arm-gnu-toolchain/14.2.rel1/bin/../lib/gcc/arm-none-eabi/14.2.1/../../../../arm-none-eabi/lib/thumb/v7-m/nofp/libg_nano.a(libc_a-puts.o)
                0x08006a18                puts
 .text.snprintf
                0x08006a28       0x6c /opt/arm-gnu-toolchain/14.2.rel1/bin/../lib/gcc/arm-none-eabi/14.2.1/../../../../arm-none-eabi/lib/thumb/v7-m/nofp/libg_nano.a(libc_a-snprintf.o)
                0x08006a28                snprintf
                0x08006a28                sniprintf
 .text.__swbuf_r
                0x08006a94       0x7c /opt/arm-gnu-toolchain/14.2.rel1/bin/../lib/gcc/arm-none-eabi/14.2.1/../../../../arm-none-eabi/lib/thumb/v7-m/nofp/libg_nano.a(libc_a-wbuf.o)
                0x08006a94                __swbuf_r
 .text.__swsetup_r
                0x08006b10       0xa8 /opt/arm-gnu-toolchain/14.2.rel1/bin/../lib/gcc/arm-none-eabi/14.2.1/../../../../arm-none-eabi/lib/thumb/v7-m/nofp/libg_nano.a(libc_a-wsetup.o)
                0x08006b10                __swsetup_r
 .text.__errno  0x08006bb8        0xc /opt/arm-gnu-toolchain/14.2.rel1/bin/../lib/gcc/arm-none-eabi/14.2.1/../../../../arm-none-eabi/lib/thumb/v7-m/nofp/libg_nano.a(libc_a-errno.o)
                0x08006bb8                __errno
 .text.__ssputs_r
                0x08006bc4       0xc0 /opt/arm-gnu-toolchain/14.2.rel1/bin/../lib/gcc/arm-none-eabi/14.2.1/../../../../arm-none-eabi/lib/thumb/v7-m/nofp/libg_nano.a(libc_a-nano-svfprintf.o)
                0x08006bc4                __ssputs_r
 .text._svfprintf_r
                0x08006c84      0x1f8 /opt/arm-gnu-toolchain/14.2.rel1/bin/../lib/gcc/arm-none-eabi/14.2.1/../../../../arm-none-eabi/lib/thumb/v7-m/nofp/libg_nano.a(libc_a-nano-svfprintf.o)
                0x08006c84                _svfprintf_r
                0x08006c84                _svfiprintf_r
 .text.__sfputc_r
                0x08006e7c       0x2a /opt/arm-gnu-toolchain/14.2.rel1/bin/../lib/gcc/arm-none-eabi/14.2.1/../../../../arm-none-eabi/lib/thumb/v7-m/nofp/libg_nano.a(libc_a-nano-vfprintf.o)
 .text.__sfputs_r
                0x08006ea6       0x24 /opt/arm-gnu-toolchain/14.2.rel1/bin/../lib/gcc/arm-none-eabi/14.2.1/../../../../arm-none-eabi/lib/thumb/v7-m/nofp/libg_nano.a(libc_a-nano-vfprintf.o)
                0x08006ea6                __sfputs_r
 *fill*         0x08006eca        0x2 
 .text._vfprintf_r
                0x08006ecc      0x230 /opt/arm-gnu-toolchain/14.2.rel1/bin/../lib/gcc/arm-none-eabi/14.2.1/../../../../arm-none-eabi/lib/thumb/v7-m/nofp/libg_nano.a(libc_a-nano-vfprintf.o)
                0x08006ecc                _vfiprintf_r
                0x08006ecc                _vfprintf_r
 .text._printf_common
                0x080070fc       0xe4 /opt/arm-gnu-toolchain/14.2.rel1/bin/../lib/gcc/arm-none-eabi/14.2.1/../../../../arm-none-eabi/lib/thumb/v7-m/nofp/libg_nano.a(libc_a-nano-vfprintf_i.o)
                0x080070fc                _printf_common
 .text._printf_i
                0x080071e0      0x240 /opt/arm-gnu-toolchain/14.2.rel1/bin/../lib/gcc/arm-none-eabi/14.2.1/../../../../arm-none-eabi/lib/thumb/v7-m/nofp/libg_nano.a(libc_a-nano-vfprintf_i.o)
                0x080071e0                _printf_i
 .text.__swhatbuf_r
                0x08007420       0x48 /opt/arm-gnu-toolchain/14.2.rel1/bin/../lib/gcc/arm-none-eabi/14.2.1/../../../../arm-none-eabi/lib/thumb/v7-m/nofp/libg_nano.a(libc_a-makebuf.o)
                0x08007420                __swhatbuf_r
 .text.__smakebuf_r
                0x08007468       0x72 /opt/arm-gnu-toolchain/14.2.rel1/bin/../lib/gcc/arm-none-eabi/14.2.1/../../../../arm-none-eabi/lib/thumb/v7-m/nofp/libg_nano.a(libc_a-makebuf.o)
                0x08007468                __smakebuf_r
 .text.memmove  0x080074da       0x32 /opt/arm-gnu-toolchain/14.2.rel1/bin/../lib/gcc/arm-none-eabi/14.2.1/../../../../arm-none-eabi/lib/thumb/v7-m/nofp/libg_nano.a(libc_a-memmove.o)
                0x080074da                memmove
 .text._fstat_r
                0x0800750c       0x24 /opt/arm-gnu-toolchain/14.2.rel1/bin/../lib/gcc/arm-none-eabi/14.2.1/../../../../arm-none-eabi/lib/thumb/v7-m/nofp/libg_nano.a(libc_a-fstatr.o)
                0x0800750c                _fstat_r
 .text._isatty_r
                0x08007530       0x20 /opt/arm-gnu-toolchain/14.2.rel1/bin/../lib/gcc/arm-none-eabi/14.2.1/../../../../arm-none-eabi/lib/thumb/v7-m/nofp/libg_nano.a(libc_a-isattyr.o)
                0x08007530                _isatty_r
 .text.memchr   0x08007550       0x1c /opt/arm-gnu-toolchain/14.2.rel1/bin/../lib/gcc/arm-none-eabi/14.2.1/../../../../arm-none-eabi/lib/thumb/v7-m/nofp/libg_nano.a(libc_a-memchr-stub.o)
                0x08007550                memchr
 .text.memcpy   0x0800756c       0x1c /opt/arm-gnu-toolchain/14.2.rel1/bin/../lib/gcc/arm-none-eabi/14.2.1/../../../../arm-none-eabi/lib/thumb/v7-m/nofp/libg_nano.a(libc_a-memcpy-stub.o)
                0x0800756c                memcpy
 .text._realloc_r
                0x08007588       0x5c /opt/arm-gnu-toolchain/14.2.rel1/bin/../lib/gcc/arm-none-eabi/14.2.1/../../../../arm-none-eabi/lib/thumb/v7-m/nofp/libg_nano.a(libc_a-reallocr.o)
                0x08007588                _realloc_r
 .text._malloc_usable_size_r
                0x080075e4       0x10 /opt/arm-gnu-toolchain/14.2.rel1/bin/../lib/gcc/arm-none-eabi/14.2.1/../../../../arm-none-eabi/lib/thumb/v7-m/nofp/libg_nano.a(libc_a-msizer.o)
                0x080075e4                _malloc_usable_size_r
 *(.glue_7)
 .glue_7        0x080075f4        0x0 linker stubs
 *(.glue_7t)
 .glue_7t       0x080075f4        0x0 linker stubs
 *(.eh_frame)
 .eh_frame      0x080075f4        0x0 /opt/arm-gnu-toolchain/14.2.rel1/bin/../lib/gcc/arm-none-eabi/14.2.1/thumb/v7-m/nofp/crtbegin.o
 *(.init)
 .init          0x080075f4        0x4 /opt/arm-gnu-toolchain/14.2.rel1/bin/../lib/gcc/arm-none-eabi/14.2.1/thumb/v7-m/nofp/crti.o
                0x080075f4                _init
 .init          0x080075f8        0x8 /opt/arm-gnu-toolchain/14.2.rel1/bin/../lib/gcc/arm-none-eabi/14.2.1/thumb/v7-m/nofp/crtn.o
 *(.fini)
 .fini          0x08007600        0x4 /opt/arm-gnu-toolchain/14.2.rel1/bin/../lib/gcc/arm-none-eabi/14.2.1/thumb/v7-m/nofp/crti.o
                0x08007600                _fini
 .fini          0x08007604        0x8 /opt/arm-gnu-toolchain/14.2.rel1/bin/../lib/gcc/arm-none-eabi/14.2.1/thumb/v7-m/nofp/crtn.o
                0x0800760c                        . = ALIGN (0x4)
                0x0800760c                        _etext = .

.vfp11_veneer   0x0800760c        0x0
 .vfp11_veneer  0x0800760c        0x0 linker stubs

.v4_bx          0x0800760c        0x0
 .v4_bx         0x0800760c        0x0 linker stubs

.iplt           0x0800760c        0x0
 .iplt          0x0800760c        0x0 /opt/arm-gnu-toolchain/14.2.rel1/bin/../lib/gcc/arm-none-eabi/14.2.1/thumb/v7-m/nofp/crtbegin.o

.rodata         0x0800760c      0xae0
                0x0800760c                        . = ALIGN (0x4)
 *(.rodata)
 .rodata        0x0800760c       0xd7 CMakeFiles/Project_Nhung.dir/BSP/src/bsp_lcd.c.obj
 *fill*         0x080076e3        0x1 
 .rodata        0x080076e4      0x20b CMakeFiles/Project_Nhung.dir/BSP/src/bsp_rtc.c.obj
 *fill*         0x080078ef        0x1 
 .rodata        0x080078f0       0xf6 CMakeFiles/Project_Nhung.dir/BSP/src/bsp_dht22.c.obj
 *fill*         0x080079e6        0x2 
 .rodata        0x080079e8      0x162 CMakeFiles/Project_Nhung.dir/Middleware/src/mid_display.c.obj
 *fill*         0x08007b4a        0x2 
 .rodata        0x08007b4c      0x520 CMakeFiles/Project_Nhung.dir/Application/src/app_irrigation.c.obj
 *(.rodata*)
 .rodata.AHBPrescTable
                0x0800806c       0x10 cmake/stm32cubemx/CMakeFiles/STM32_Drivers.dir/__/__/Src/system_stm32f1xx.c.obj
                0x0800806c                AHBPrescTable
 .rodata.APBPrescTable
                0x0800807c        0x8 cmake/stm32cubemx/CMakeFiles/STM32_Drivers.dir/__/__/Src/system_stm32f1xx.c.obj
                0x0800807c                APBPrescTable
 .rodata.aPLLMULFactorTable.1
                0x08008084       0x10 cmake/stm32cubemx/CMakeFiles/STM32_Drivers.dir/__/__/Drivers/STM32F1xx_HAL_Driver/Src/stm32f1xx_hal_rcc.c.obj
 .rodata.aPredivFactorTable.0
                0x08008094        0x2 cmake/stm32cubemx/CMakeFiles/STM32_Drivers.dir/__/__/Drivers/STM32F1xx_HAL_Driver/Src/stm32f1xx_hal_rcc.c.obj
 *fill*         0x08008096        0x2 
 .rodata.aPLLMULFactorTable.1
                0x08008098       0x10 cmake/stm32cubemx/CMakeFiles/STM32_Drivers.dir/__/__/Drivers/STM32F1xx_HAL_Driver/Src/stm32f1xx_hal_rcc_ex.c.obj
 .rodata.aPredivFactorTable.0
                0x080080a8        0x2 cmake/stm32cubemx/CMakeFiles/STM32_Drivers.dir/__/__/Drivers/STM32F1xx_HAL_Driver/Src/stm32f1xx_hal_rcc_ex.c.obj
 *fill*         0x080080aa        0x2 
 .rodata.button_pins
                0x080080ac        0xc CMakeFiles/Project_Nhung.dir/BSP/src/bsp_button.c.obj
 .rodata._svfprintf_r.str1.1
                0x080080b8       0x33 /opt/arm-gnu-toolchain/14.2.rel1/bin/../lib/gcc/arm-none-eabi/14.2.1/../../../../arm-none-eabi/lib/thumb/v7-m/nofp/libg_nano.a(libc_a-nano-svfprintf.o)
                                 0x11 (size before relaxing)
 .rodata._vfprintf_r.str1.1
                0x080080eb       0x11 /opt/arm-gnu-toolchain/14.2.rel1/bin/../lib/gcc/arm-none-eabi/14.2.1/../../../../arm-none-eabi/lib/thumb/v7-m/nofp/libg_nano.a(libc_a-nano-vfprintf.o)
 .rodata._printf_i.str1.1
                0x080080eb       0x22 /opt/arm-gnu-toolchain/14.2.rel1/bin/../lib/gcc/arm-none-eabi/14.2.1/../../../../arm-none-eabi/lib/thumb/v7-m/nofp/libg_nano.a(libc_a-nano-vfprintf_i.o)
                0x08008110                        . = ALIGN (0x4)
 *fill*         0x080080eb        0x1 

.ARM.extab      0x080080ec        0x0
                0x080080ec                        . = ALIGN (0x4)
 *(.ARM.extab* .gnu.linkonce.armextab.*)
                0x080080ec                        . = ALIGN (0x4)

.ARM            0x080080ec        0x0
                0x080080ec                        . = ALIGN (0x4)
                0x080080ec                        __exidx_start = .
 *(.ARM.exidx*)
                0x080080ec                        __exidx_end = .
                0x080080ec                        . = ALIGN (0x4)

.preinit_array  0x080080ec        0x0
                0x080080ec                        . = ALIGN (0x4)
                0x080080ec                        PROVIDE (__preinit_array_start = .)
 *(.preinit_array*)
                0x080080ec                        PROVIDE (__preinit_array_end = .)
                0x080080ec                        . = ALIGN (0x4)

.init_array     0x080080ec        0x4
                0x080080ec                        . = ALIGN (0x4)
                0x080080ec                        PROVIDE (__init_array_start = .)
 *(SORT_BY_NAME(.init_array.*))
 *(.init_array*)
 .init_array    0x080080ec        0x4 /opt/arm-gnu-toolchain/14.2.rel1/bin/../lib/gcc/arm-none-eabi/14.2.1/thumb/v7-m/nofp/crtbegin.o
                0x080080f0                        PROVIDE (__init_array_end = .)
                0x080080f0                        . = ALIGN (0x4)

.fini_array     0x080080f0        0x4
                0x080080f0                        . = ALIGN (0x4)
                [!provide]                        PROVIDE (__fini_array_start = .)
 *(SORT_BY_NAME(.fini_array.*))
 *(.fini_array*)
 .fini_array    0x080080f0        0x4 /opt/arm-gnu-toolchain/14.2.rel1/bin/../lib/gcc/arm-none-eabi/14.2.1/thumb/v7-m/nofp/crtbegin.o
                [!provide]                        PROVIDE (__fini_array_end = .)
                0x080080f4                        . = ALIGN (0x4)
                0x080080f4                        _sidata = LOADADDR (.data)

.rel.dyn        0x080080f4        0x0
 .rel.iplt      0x080080f4        0x0 /opt/arm-gnu-toolchain/14.2.rel1/bin/../lib/gcc/arm-none-eabi/14.2.1/thumb/v7-m/nofp/crtbegin.o

.data           0x20000000       0x7c load address 0x080080f4
                0x20000000                        . = ALIGN (0x4)
                0x20000000                        _sdata = .
 *(.data)
 *(.data*)
 .data.__sglue  0x20000000        0xc /opt/arm-gnu-toolchain/14.2.rel1/bin/../lib/gcc/arm-none-eabi/14.2.1/../../../../arm-none-eabi/lib/thumb/v7-m/nofp/libc_nano.a(libc_a-findfp.o)
                0x20000000                __sglue
 .data._impure_ptr
                0x2000000c        0x4 /opt/arm-gnu-toolchain/14.2.rel1/bin/../lib/gcc/arm-none-eabi/14.2.1/../../../../arm-none-eabi/lib/thumb/v7-m/nofp/libc_nano.a(libc_a-impure.o)
                0x2000000c                _impure_ptr
 .data._impure_data
                0x20000010       0x4c /opt/arm-gnu-toolchain/14.2.rel1/bin/../lib/gcc/arm-none-eabi/14.2.1/../../../../arm-none-eabi/lib/thumb/v7-m/nofp/libc_nano.a(libc_a-impure.o)
                0x20000010                _impure_data
 .data.SystemCoreClock
                0x2000005c        0x4 cmake/stm32cubemx/CMakeFiles/STM32_Drivers.dir/__/__/Src/system_stm32f1xx.c.obj
                0x2000005c                SystemCoreClock
 .data.uwTickPrio
                0x20000060        0x4 cmake/stm32cubemx/CMakeFiles/STM32_Drivers.dir/__/__/Drivers/STM32F1xx_HAL_Driver/Src/stm32f1xx_hal.c.obj
                0x20000060                uwTickPrio
 .data.uwTickFreq
                0x20000064        0x1 cmake/stm32cubemx/CMakeFiles/STM32_Drivers.dir/__/__/Drivers/STM32F1xx_HAL_Driver/Src/stm32f1xx_hal.c.obj
                0x20000064                uwTickFreq
 .data.backlight_state
                0x20000065        0x1 CMakeFiles/Project_Nhung.dir/BSP/src/bsp_lcd.c.obj
 *fill*         0x20000066        0x2 
 .data.watering_schedule
                0x20000068        0x3 CMakeFiles/Project_Nhung.dir/Application/src/app_irrigation.c.obj
 *fill*         0x2000006b        0x1 
 .data.temp_schedule
                0x2000006c        0x3 CMakeFiles/Project_Nhung.dir/Application/src/app_irrigation.c.obj
 *fill*         0x2000006f        0x1 
 .data.dht_temperature
                0x20000070        0x4 CMakeFiles/Project_Nhung.dir/Application/src/app_irrigation.c.obj
 .data.dht_humidity
                0x20000074        0x4 CMakeFiles/Project_Nhung.dir/Application/src/app_irrigation.c.obj
 .data.last_minute.1
                0x20000078        0x1 CMakeFiles/Project_Nhung.dir/Application/src/app_irrigation.c.obj
 *(.RamFunc)
 *(.RamFunc*)
                0x2000007c                        . = ALIGN (0x4)
 *fill*         0x20000079        0x3 
                0x2000007c                        _edata = .

.tm_clone_table
                0x2000007c        0x0 load address 0x08008170
 .tm_clone_table
                0x2000007c        0x0 /opt/arm-gnu-toolchain/14.2.rel1/bin/../lib/gcc/arm-none-eabi/14.2.1/thumb/v7-m/nofp/crtbegin.o
 .tm_clone_table
                0x2000007c        0x0 /opt/arm-gnu-toolchain/14.2.rel1/bin/../lib/gcc/arm-none-eabi/14.2.1/thumb/v7-m/nofp/crtend.o

.igot.plt       0x2000007c        0x0 load address 0x08008170
 .igot.plt      0x2000007c        0x0 /opt/arm-gnu-toolchain/14.2.rel1/bin/../lib/gcc/arm-none-eabi/14.2.1/thumb/v7-m/nofp/crtbegin.o
                0x2000007c                        . = ALIGN (0x4)

.bss            0x2000007c      0x32c load address 0x08008170
                0x2000007c                        _sbss = .
                0x2000007c                        __bss_start__ = _sbss
 *(.bss)
 *(.bss*)
 .bss.completed.1
                0x2000007c        0x1 /opt/arm-gnu-toolchain/14.2.rel1/bin/../lib/gcc/arm-none-eabi/14.2.1/thumb/v7-m/nofp/crtbegin.o
 *fill*         0x2000007d        0x3 
 .bss.object.0  0x20000080       0x18 /opt/arm-gnu-toolchain/14.2.rel1/bin/../lib/gcc/arm-none-eabi/14.2.1/thumb/v7-m/nofp/crtbegin.o
 .bss.__sf      0x20000098      0x138 /opt/arm-gnu-toolchain/14.2.rel1/bin/../lib/gcc/arm-none-eabi/14.2.1/../../../../arm-none-eabi/lib/thumb/v7-m/nofp/libc_nano.a(libc_a-findfp.o)
                0x20000098                __sf
 .bss.__stdio_exit_handler
                0x200001d0        0x4 /opt/arm-gnu-toolchain/14.2.rel1/bin/../lib/gcc/arm-none-eabi/14.2.1/../../../../arm-none-eabi/lib/thumb/v7-m/nofp/libc_nano.a(libc_a-findfp.o)
                0x200001d0                __stdio_exit_handler
 .bss.errno     0x200001d4        0x4 /opt/arm-gnu-toolchain/14.2.rel1/bin/../lib/gcc/arm-none-eabi/14.2.1/../../../../arm-none-eabi/lib/thumb/v7-m/nofp/libc_nano.a(libc_a-reent.o)
                0x200001d4                errno
 .bss.__lock___malloc_recursive_mutex
                0x200001d8        0x1 /opt/arm-gnu-toolchain/14.2.rel1/bin/../lib/gcc/arm-none-eabi/14.2.1/../../../../arm-none-eabi/lib/thumb/v7-m/nofp/libc_nano.a(libc_a-lock.o)
                0x200001d8                __lock___malloc_recursive_mutex
 .bss.__lock___sfp_recursive_mutex
                0x200001d9        0x1 /opt/arm-gnu-toolchain/14.2.rel1/bin/../lib/gcc/arm-none-eabi/14.2.1/../../../../arm-none-eabi/lib/thumb/v7-m/nofp/libc_nano.a(libc_a-lock.o)
                0x200001d9                __lock___sfp_recursive_mutex
 *fill*         0x200001da        0x2 
 .bss.__malloc_sbrk_start
                0x200001dc        0x4 /opt/arm-gnu-toolchain/14.2.rel1/bin/../lib/gcc/arm-none-eabi/14.2.1/../../../../arm-none-eabi/lib/thumb/v7-m/nofp/libc_nano.a(libc_a-mallocr.o)
                0x200001dc                __malloc_sbrk_start
 .bss.__malloc_free_list
                0x200001e0        0x4 /opt/arm-gnu-toolchain/14.2.rel1/bin/../lib/gcc/arm-none-eabi/14.2.1/../../../../arm-none-eabi/lib/thumb/v7-m/nofp/libc_nano.a(libc_a-mallocr.o)
                0x200001e0                __malloc_free_list
 .bss.uwTick    0x200001e4        0x4 cmake/stm32cubemx/CMakeFiles/STM32_Drivers.dir/__/__/Drivers/STM32F1xx_HAL_Driver/Src/stm32f1xx_hal.c.obj
                0x200001e4                uwTick
 .bss.hadc1     0x200001e8       0x30 CMakeFiles/Project_Nhung.dir/Src/main.c.obj
                0x200001e8                hadc1
 .bss.hi2c2     0x20000218       0x54 CMakeFiles/Project_Nhung.dir/Src/main.c.obj
                0x20000218                hi2c2
 .bss.huart1    0x2000026c       0x48 CMakeFiles/Project_Nhung.dir/Src/main.c.obj
                0x2000026c                huart1
 .bss.__sbrk_heap_end
                0x200002b4        0x4 CMakeFiles/Project_Nhung.dir/Src/sysmem.c.obj
 .bss.debounce_data
                0x200002b8       0x48 CMakeFiles/Project_Nhung.dir/BSP/src/bsp_button.c.obj
 .bss.lcd_i2c   0x20000300        0x4 CMakeFiles/Project_Nhung.dir/BSP/src/bsp_lcd.c.obj
 .bss.moisture_adc
                0x20000304        0x4 CMakeFiles/Project_Nhung.dir/BSP/src/bsp_moisture.c.obj
 .bss.pump_state
                0x20000308        0x1 CMakeFiles/Project_Nhung.dir/BSP/src/bsp_pump.c.obj
 *fill*         0x20000309        0x3 
 .bss.rtc_i2c   0x2000030c        0x4 CMakeFiles/Project_Nhung.dir/BSP/src/bsp_rtc.c.obj
 .bss.temperature
                0x20000310        0x4 CMakeFiles/Project_Nhung.dir/BSP/src/bsp_dht22.c.obj
 .bss.humidity  0x20000314        0x4 CMakeFiles/Project_Nhung.dir/BSP/src/bsp_dht22.c.obj
 .bss.sensor_ready
                0x20000318        0x1 CMakeFiles/Project_Nhung.dir/BSP/src/bsp_dht22.c.obj
 *fill*         0x20000319        0x3 
 .bss.last_read_time
                0x2000031c        0x4 CMakeFiles/Project_Nhung.dir/BSP/src/bsp_dht22.c.obj
 .bss.button_states
                0x20000320       0x48 CMakeFiles/Project_Nhung.dir/Middleware/src/mid_button.c.obj
 .bss.current_state
                0x20000368        0x1 CMakeFiles/Project_Nhung.dir/Application/src/app_irrigation.c.obj
 .bss.moisture_percent
                0x20000369        0x1 CMakeFiles/Project_Nhung.dir/Application/src/app_irrigation.c.obj
 *fill*         0x2000036a        0x2 
 .bss.current_time
                0x2000036c        0x7 CMakeFiles/Project_Nhung.dir/Application/src/app_irrigation.c.obj
 *fill*         0x20000373        0x1 
 .bss.set_time  0x20000374        0x7 CMakeFiles/Project_Nhung.dir/Application/src/app_irrigation.c.obj
 .bss.timer_cursor
                0x2000037b        0x1 CMakeFiles/Project_Nhung.dir/Application/src/app_irrigation.c.obj
 .bss.timer_menu_selection
                0x2000037c        0x1 CMakeFiles/Project_Nhung.dir/Application/src/app_irrigation.c.obj
 *fill*         0x2000037d        0x3 
 .bss.last_update_time
                0x20000380        0x4 CMakeFiles/Project_Nhung.dir/Application/src/app_irrigation.c.obj
 .bss.clear_display_flag
                0x20000384        0x1 CMakeFiles/Project_Nhung.dir/Application/src/app_irrigation.c.obj
 *fill*         0x20000385        0x3 
 .bss.debug_uart
                0x20000388        0x4 CMakeFiles/Project_Nhung.dir/Application/src/app_irrigation.c.obj
 .bss.display_mode
                0x2000038c        0x1 CMakeFiles/Project_Nhung.dir/Application/src/app_irrigation.c.obj
 *fill*         0x2000038d        0x3 
 .bss.last_display_switch
                0x20000390        0x4 CMakeFiles/Project_Nhung.dir/Application/src/app_irrigation.c.obj
 .bss.last_debug_time.5
                0x20000394        0x4 CMakeFiles/Project_Nhung.dir/Application/src/app_irrigation.c.obj
 .bss.last_state.4
                0x20000398        0x1 CMakeFiles/Project_Nhung.dir/Application/src/app_irrigation.c.obj
 *fill*         0x20000399        0x3 
 .bss.last_display_update.3
                0x2000039c        0x4 CMakeFiles/Project_Nhung.dir/Application/src/app_irrigation.c.obj
 .bss.watering_active.2
                0x200003a0        0x1 CMakeFiles/Project_Nhung.dir/Application/src/app_irrigation.c.obj
 *fill*         0x200003a1        0x3 
 .bss.watering_start_time.0
                0x200003a4        0x4 CMakeFiles/Project_Nhung.dir/Application/src/app_irrigation.c.obj
 *(COMMON)
                0x200003a8                        . = ALIGN (0x4)
                0x200003a8                        _ebss = .
                0x200003a8                        __bss_end__ = _ebss

._user_heap_stack
                0x200003a8      0x600 load address 0x08008170
                0x200003a8                        . = ALIGN (0x8)
                [!provide]                        PROVIDE (end = .)
                0x200003a8                        PROVIDE (_end = .)
                0x200005a8                        . = (. + _Min_Heap_Size)
 *fill*         0x200003a8      0x200 
                0x200009a8                        . = (. + _Min_Stack_Size)
 *fill*         0x200005a8      0x400 
                0x200009a8                        . = ALIGN (0x8)

/DISCARD/
 libc.a(*)
 libm.a(*)
 libgcc.a(*)
OUTPUT(Project_Nhung.elf elf32-littlearm)
LOAD linker stubs
LOAD /opt/arm-gnu-toolchain/14.2.rel1/bin/../lib/gcc/arm-none-eabi/14.2.1/../../../../arm-none-eabi/lib/thumb/v7-m/nofp/libc.a
LOAD /opt/arm-gnu-toolchain/14.2.rel1/bin/../lib/gcc/arm-none-eabi/14.2.1/../../../../arm-none-eabi/lib/thumb/v7-m/nofp/libm.a
LOAD /opt/arm-gnu-toolchain/14.2.rel1/bin/../lib/gcc/arm-none-eabi/14.2.1/thumb/v7-m/nofp/libgcc.a

.ARM.attributes
                0x00000000       0x29
 .ARM.attributes
                0x00000000       0x1d /opt/arm-gnu-toolchain/14.2.rel1/bin/../lib/gcc/arm-none-eabi/14.2.1/thumb/v7-m/nofp/crti.o
 .ARM.attributes
                0x0000001d       0x2d /opt/arm-gnu-toolchain/14.2.rel1/bin/../lib/gcc/arm-none-eabi/14.2.1/thumb/v7-m/nofp/crtbegin.o
 .ARM.attributes
                0x0000004a       0x2d /opt/arm-gnu-toolchain/14.2.rel1/bin/../lib/gcc/arm-none-eabi/14.2.1/../../../../arm-none-eabi/lib/thumb/v7-m/nofp/libc_nano.a(libc_a-findfp.o)
 .ARM.attributes
                0x00000077       0x2d /opt/arm-gnu-toolchain/14.2.rel1/bin/../lib/gcc/arm-none-eabi/14.2.1/../../../../arm-none-eabi/lib/thumb/v7-m/nofp/libc_nano.a(libc_a-fwalk.o)
 .ARM.attributes
                0x000000a4       0x2d /opt/arm-gnu-toolchain/14.2.rel1/bin/../lib/gcc/arm-none-eabi/14.2.1/../../../../arm-none-eabi/lib/thumb/v7-m/nofp/libc_nano.a(libc_a-stdio.o)
 .ARM.attributes
                0x000000d1       0x2d /opt/arm-gnu-toolchain/14.2.rel1/bin/../lib/gcc/arm-none-eabi/14.2.1/../../../../arm-none-eabi/lib/thumb/v7-m/nofp/libc_nano.a(libc_a-memset.o)
 .ARM.attributes
                0x000000fe       0x2d /opt/arm-gnu-toolchain/14.2.rel1/bin/../lib/gcc/arm-none-eabi/14.2.1/../../../../arm-none-eabi/lib/thumb/v7-m/nofp/libc_nano.a(libc_a-closer.o)
 .ARM.attributes
                0x0000012b       0x2d /opt/arm-gnu-toolchain/14.2.rel1/bin/../lib/gcc/arm-none-eabi/14.2.1/../../../../arm-none-eabi/lib/thumb/v7-m/nofp/libc_nano.a(libc_a-reent.o)
 .ARM.attributes
                0x00000158       0x2d /opt/arm-gnu-toolchain/14.2.rel1/bin/../lib/gcc/arm-none-eabi/14.2.1/../../../../arm-none-eabi/lib/thumb/v7-m/nofp/libc_nano.a(libc_a-impure.o)
 .ARM.attributes
                0x00000185       0x2d /opt/arm-gnu-toolchain/14.2.rel1/bin/../lib/gcc/arm-none-eabi/14.2.1/../../../../arm-none-eabi/lib/thumb/v7-m/nofp/libc_nano.a(libc_a-lseekr.o)
 .ARM.attributes
                0x000001b2       0x2d /opt/arm-gnu-toolchain/14.2.rel1/bin/../lib/gcc/arm-none-eabi/14.2.1/../../../../arm-none-eabi/lib/thumb/v7-m/nofp/libc_nano.a(libc_a-readr.o)
 .ARM.attributes
                0x000001df       0x2d /opt/arm-gnu-toolchain/14.2.rel1/bin/../lib/gcc/arm-none-eabi/14.2.1/../../../../arm-none-eabi/lib/thumb/v7-m/nofp/libc_nano.a(libc_a-writer.o)
 .ARM.attributes
                0x0000020c       0x2d /opt/arm-gnu-toolchain/14.2.rel1/bin/../lib/gcc/arm-none-eabi/14.2.1/../../../../arm-none-eabi/lib/thumb/v7-m/nofp/libc_nano.a(libc_a-init.o)
 .ARM.attributes
                0x00000239       0x2d /opt/arm-gnu-toolchain/14.2.rel1/bin/../lib/gcc/arm-none-eabi/14.2.1/../../../../arm-none-eabi/lib/thumb/v7-m/nofp/libc_nano.a(libc_a-lock.o)
 .ARM.attributes
                0x00000266       0x2d /opt/arm-gnu-toolchain/14.2.rel1/bin/../lib/gcc/arm-none-eabi/14.2.1/../../../../arm-none-eabi/lib/thumb/v7-m/nofp/libc_nano.a(libc_a-freer.o)
 .ARM.attributes
                0x00000293       0x2d /opt/arm-gnu-toolchain/14.2.rel1/bin/../lib/gcc/arm-none-eabi/14.2.1/../../../../arm-none-eabi/lib/thumb/v7-m/nofp/libc_nano.a(libc_a-mallocr.o)
 .ARM.attributes
                0x000002c0       0x2d /opt/arm-gnu-toolchain/14.2.rel1/bin/../lib/gcc/arm-none-eabi/14.2.1/../../../../arm-none-eabi/lib/thumb/v7-m/nofp/libc_nano.a(libc_a-mlock.o)
 .ARM.attributes
                0x000002ed       0x2d /opt/arm-gnu-toolchain/14.2.rel1/bin/../lib/gcc/arm-none-eabi/14.2.1/../../../../arm-none-eabi/lib/thumb/v7-m/nofp/libc_nano.a(libc_a-fflush.o)
 .ARM.attributes
                0x0000031a       0x2d /opt/arm-gnu-toolchain/14.2.rel1/bin/../lib/gcc/arm-none-eabi/14.2.1/../../../../arm-none-eabi/lib/thumb/v7-m/nofp/libc_nano.a(libc_a-sbrkr.o)
 .ARM.attributes
                0x00000347       0x2d cmake/stm32cubemx/CMakeFiles/STM32_Drivers.dir/__/__/Src/system_stm32f1xx.c.obj
 .ARM.attributes
                0x00000374       0x2d cmake/stm32cubemx/CMakeFiles/STM32_Drivers.dir/__/__/Drivers/STM32F1xx_HAL_Driver/Src/stm32f1xx_hal_adc.c.obj
 .ARM.attributes
                0x000003a1       0x2d cmake/stm32cubemx/CMakeFiles/STM32_Drivers.dir/__/__/Drivers/STM32F1xx_HAL_Driver/Src/stm32f1xx_hal.c.obj
 .ARM.attributes
                0x000003ce       0x2d cmake/stm32cubemx/CMakeFiles/STM32_Drivers.dir/__/__/Drivers/STM32F1xx_HAL_Driver/Src/stm32f1xx_hal_rcc.c.obj
 .ARM.attributes
                0x000003fb       0x2d cmake/stm32cubemx/CMakeFiles/STM32_Drivers.dir/__/__/Drivers/STM32F1xx_HAL_Driver/Src/stm32f1xx_hal_rcc_ex.c.obj
 .ARM.attributes
                0x00000428       0x2d cmake/stm32cubemx/CMakeFiles/STM32_Drivers.dir/__/__/Drivers/STM32F1xx_HAL_Driver/Src/stm32f1xx_hal_gpio.c.obj
 .ARM.attributes
                0x00000455       0x2d cmake/stm32cubemx/CMakeFiles/STM32_Drivers.dir/__/__/Drivers/STM32F1xx_HAL_Driver/Src/stm32f1xx_hal_cortex.c.obj
 .ARM.attributes
                0x00000482       0x2d cmake/stm32cubemx/CMakeFiles/STM32_Drivers.dir/__/__/Drivers/STM32F1xx_HAL_Driver/Src/stm32f1xx_hal_i2c.c.obj
 .ARM.attributes
                0x000004af       0x2d cmake/stm32cubemx/CMakeFiles/STM32_Drivers.dir/__/__/Drivers/STM32F1xx_HAL_Driver/Src/stm32f1xx_hal_uart.c.obj
 .ARM.attributes
                0x000004dc       0x2d CMakeFiles/Project_Nhung.dir/Src/main.c.obj
 .ARM.attributes
                0x00000509       0x2d CMakeFiles/Project_Nhung.dir/Src/stm32f1xx_it.c.obj
 .ARM.attributes
                0x00000536       0x2d CMakeFiles/Project_Nhung.dir/Src/stm32f1xx_hal_msp.c.obj
 .ARM.attributes
                0x00000563       0x2d CMakeFiles/Project_Nhung.dir/Src/sysmem.c.obj
 .ARM.attributes
                0x00000590       0x2d CMakeFiles/Project_Nhung.dir/Src/syscalls.c.obj
 .ARM.attributes
                0x000005bd       0x21 CMakeFiles/Project_Nhung.dir/startup_stm32f103xb.s.obj
 .ARM.attributes
                0x000005de       0x2d CMakeFiles/Project_Nhung.dir/BSP/src/bsp_button.c.obj
 .ARM.attributes
                0x0000060b       0x2d CMakeFiles/Project_Nhung.dir/BSP/src/bsp_lcd.c.obj
 .ARM.attributes
                0x00000638       0x2d CMakeFiles/Project_Nhung.dir/BSP/src/bsp_moisture.c.obj
 .ARM.attributes
                0x00000665       0x2d CMakeFiles/Project_Nhung.dir/BSP/src/bsp_pump.c.obj
 .ARM.attributes
                0x00000692       0x2d CMakeFiles/Project_Nhung.dir/BSP/src/bsp_rtc.c.obj
 .ARM.attributes
                0x000006bf       0x2d CMakeFiles/Project_Nhung.dir/BSP/src/bsp_dht22.c.obj
 .ARM.attributes
                0x000006ec       0x2d CMakeFiles/Project_Nhung.dir/Middleware/src/mid_button.c.obj
 .ARM.attributes
                0x00000719       0x2d CMakeFiles/Project_Nhung.dir/Middleware/src/mid_display.c.obj
 .ARM.attributes
                0x00000746       0x2d CMakeFiles/Project_Nhung.dir/Application/src/app_irrigation.c.obj
 .ARM.attributes
                0x00000773       0x1d /opt/arm-gnu-toolchain/14.2.rel1/bin/../lib/gcc/arm-none-eabi/14.2.1/thumb/v7-m/nofp/libgcc.a(_arm_addsubdf3.o)
 .ARM.attributes
                0x00000790       0x1d /opt/arm-gnu-toolchain/14.2.rel1/bin/../lib/gcc/arm-none-eabi/14.2.1/thumb/v7-m/nofp/libgcc.a(_arm_addsubsf3.o)
 .ARM.attributes
                0x000007ad       0x1d /opt/arm-gnu-toolchain/14.2.rel1/bin/../lib/gcc/arm-none-eabi/14.2.1/thumb/v7-m/nofp/libgcc.a(_arm_muldivsf3.o)
 .ARM.attributes
                0x000007ca       0x1d /opt/arm-gnu-toolchain/14.2.rel1/bin/../lib/gcc/arm-none-eabi/14.2.1/thumb/v7-m/nofp/libgcc.a(_arm_cmpsf2.o)
 .ARM.attributes
                0x000007e7       0x2d /opt/arm-gnu-toolchain/14.2.rel1/bin/../lib/gcc/arm-none-eabi/14.2.1/../../../../arm-none-eabi/lib/thumb/v7-m/nofp/libg_nano.a(libc_a-printf.o)
 .ARM.attributes
                0x00000814       0x2d /opt/arm-gnu-toolchain/14.2.rel1/bin/../lib/gcc/arm-none-eabi/14.2.1/../../../../arm-none-eabi/lib/thumb/v7-m/nofp/libg_nano.a(libc_a-puts.o)
 .ARM.attributes
                0x00000841       0x2d /opt/arm-gnu-toolchain/14.2.rel1/bin/../lib/gcc/arm-none-eabi/14.2.1/../../../../arm-none-eabi/lib/thumb/v7-m/nofp/libg_nano.a(libc_a-snprintf.o)
 .ARM.attributes
                0x0000086e       0x2d /opt/arm-gnu-toolchain/14.2.rel1/bin/../lib/gcc/arm-none-eabi/14.2.1/../../../../arm-none-eabi/lib/thumb/v7-m/nofp/libg_nano.a(libc_a-wbuf.o)
 .ARM.attributes
                0x0000089b       0x2d /opt/arm-gnu-toolchain/14.2.rel1/bin/../lib/gcc/arm-none-eabi/14.2.1/../../../../arm-none-eabi/lib/thumb/v7-m/nofp/libg_nano.a(libc_a-wsetup.o)
 .ARM.attributes
                0x000008c8       0x2d /opt/arm-gnu-toolchain/14.2.rel1/bin/../lib/gcc/arm-none-eabi/14.2.1/../../../../arm-none-eabi/lib/thumb/v7-m/nofp/libg_nano.a(libc_a-errno.o)
 .ARM.attributes
                0x000008f5       0x2d /opt/arm-gnu-toolchain/14.2.rel1/bin/../lib/gcc/arm-none-eabi/14.2.1/../../../../arm-none-eabi/lib/thumb/v7-m/nofp/libg_nano.a(libc_a-nano-svfprintf.o)
 .ARM.attributes
                0x00000922       0x2d /opt/arm-gnu-toolchain/14.2.rel1/bin/../lib/gcc/arm-none-eabi/14.2.1/../../../../arm-none-eabi/lib/thumb/v7-m/nofp/libg_nano.a(libc_a-nano-vfprintf.o)
 .ARM.attributes
                0x0000094f       0x2d /opt/arm-gnu-toolchain/14.2.rel1/bin/../lib/gcc/arm-none-eabi/14.2.1/../../../../arm-none-eabi/lib/thumb/v7-m/nofp/libg_nano.a(libc_a-nano-vfprintf_i.o)
 .ARM.attributes
                0x0000097c       0x2d /opt/arm-gnu-toolchain/14.2.rel1/bin/../lib/gcc/arm-none-eabi/14.2.1/../../../../arm-none-eabi/lib/thumb/v7-m/nofp/libg_nano.a(libc_a-makebuf.o)
 .ARM.attributes
                0x000009a9       0x2d /opt/arm-gnu-toolchain/14.2.rel1/bin/../lib/gcc/arm-none-eabi/14.2.1/../../../../arm-none-eabi/lib/thumb/v7-m/nofp/libg_nano.a(libc_a-memmove.o)
 .ARM.attributes
                0x000009d6       0x2d /opt/arm-gnu-toolchain/14.2.rel1/bin/../lib/gcc/arm-none-eabi/14.2.1/../../../../arm-none-eabi/lib/thumb/v7-m/nofp/libg_nano.a(libc_a-fstatr.o)
 .ARM.attributes
                0x00000a03       0x2d /opt/arm-gnu-toolchain/14.2.rel1/bin/../lib/gcc/arm-none-eabi/14.2.1/../../../../arm-none-eabi/lib/thumb/v7-m/nofp/libg_nano.a(libc_a-isattyr.o)
 .ARM.attributes
                0x00000a30       0x2d /opt/arm-gnu-toolchain/14.2.rel1/bin/../lib/gcc/arm-none-eabi/14.2.1/../../../../arm-none-eabi/lib/thumb/v7-m/nofp/libg_nano.a(libc_a-memchr-stub.o)
 .ARM.attributes
                0x00000a5d       0x2d /opt/arm-gnu-toolchain/14.2.rel1/bin/../lib/gcc/arm-none-eabi/14.2.1/../../../../arm-none-eabi/lib/thumb/v7-m/nofp/libg_nano.a(libc_a-memcpy-stub.o)
 .ARM.attributes
                0x00000a8a       0x2d /opt/arm-gnu-toolchain/14.2.rel1/bin/../lib/gcc/arm-none-eabi/14.2.1/../../../../arm-none-eabi/lib/thumb/v7-m/nofp/libg_nano.a(libc_a-reallocr.o)
 .ARM.attributes
                0x00000ab7       0x2d /opt/arm-gnu-toolchain/14.2.rel1/bin/../lib/gcc/arm-none-eabi/14.2.1/../../../../arm-none-eabi/lib/thumb/v7-m/nofp/libg_nano.a(libc_a-msizer.o)
 .ARM.attributes
                0x00000ae4       0x2d /opt/arm-gnu-toolchain/14.2.rel1/bin/../lib/gcc/arm-none-eabi/14.2.1/thumb/v7-m/nofp/crtend.o
 .ARM.attributes
                0x00000b11       0x1d /opt/arm-gnu-toolchain/14.2.rel1/bin/../lib/gcc/arm-none-eabi/14.2.1/thumb/v7-m/nofp/crtn.o

.comment        0x00000000       0x45
 .comment       0x00000000       0x45 cmake/stm32cubemx/CMakeFiles/STM32_Drivers.dir/__/__/Src/system_stm32f1xx.c.obj
                                 0x46 (size before relaxing)
 .comment       0x00000045       0x46 cmake/stm32cubemx/CMakeFiles/STM32_Drivers.dir/__/__/Drivers/STM32F1xx_HAL_Driver/Src/stm32f1xx_hal_adc.c.obj
 .comment       0x00000045       0x46 cmake/stm32cubemx/CMakeFiles/STM32_Drivers.dir/__/__/Drivers/STM32F1xx_HAL_Driver/Src/stm32f1xx_hal.c.obj
 .comment       0x00000045       0x46 cmake/stm32cubemx/CMakeFiles/STM32_Drivers.dir/__/__/Drivers/STM32F1xx_HAL_Driver/Src/stm32f1xx_hal_rcc.c.obj
 .comment       0x00000045       0x46 cmake/stm32cubemx/CMakeFiles/STM32_Drivers.dir/__/__/Drivers/STM32F1xx_HAL_Driver/Src/stm32f1xx_hal_rcc_ex.c.obj
 .comment       0x00000045       0x46 cmake/stm32cubemx/CMakeFiles/STM32_Drivers.dir/__/__/Drivers/STM32F1xx_HAL_Driver/Src/stm32f1xx_hal_gpio.c.obj
 .comment       0x00000045       0x46 cmake/stm32cubemx/CMakeFiles/STM32_Drivers.dir/__/__/Drivers/STM32F1xx_HAL_Driver/Src/stm32f1xx_hal_cortex.c.obj
 .comment       0x00000045       0x46 cmake/stm32cubemx/CMakeFiles/STM32_Drivers.dir/__/__/Drivers/STM32F1xx_HAL_Driver/Src/stm32f1xx_hal_i2c.c.obj
 .comment       0x00000045       0x46 cmake/stm32cubemx/CMakeFiles/STM32_Drivers.dir/__/__/Drivers/STM32F1xx_HAL_Driver/Src/stm32f1xx_hal_uart.c.obj
 .comment       0x00000045       0x46 CMakeFiles/Project_Nhung.dir/Src/main.c.obj
 .comment       0x00000045       0x46 CMakeFiles/Project_Nhung.dir/Src/stm32f1xx_it.c.obj
 .comment       0x00000045       0x46 CMakeFiles/Project_Nhung.dir/Src/stm32f1xx_hal_msp.c.obj
 .comment       0x00000045       0x46 CMakeFiles/Project_Nhung.dir/Src/sysmem.c.obj
 .comment       0x00000045       0x46 CMakeFiles/Project_Nhung.dir/Src/syscalls.c.obj
 .comment       0x00000045       0x46 CMakeFiles/Project_Nhung.dir/BSP/src/bsp_button.c.obj
 .comment       0x00000045       0x46 CMakeFiles/Project_Nhung.dir/BSP/src/bsp_lcd.c.obj
 .comment       0x00000045       0x46 CMakeFiles/Project_Nhung.dir/BSP/src/bsp_moisture.c.obj
 .comment       0x00000045       0x46 CMakeFiles/Project_Nhung.dir/BSP/src/bsp_pump.c.obj
 .comment       0x00000045       0x46 CMakeFiles/Project_Nhung.dir/BSP/src/bsp_rtc.c.obj
 .comment       0x00000045       0x46 CMakeFiles/Project_Nhung.dir/BSP/src/bsp_dht22.c.obj
 .comment       0x00000045       0x46 CMakeFiles/Project_Nhung.dir/Middleware/src/mid_button.c.obj
 .comment       0x00000045       0x46 CMakeFiles/Project_Nhung.dir/Middleware/src/mid_display.c.obj
 .comment       0x00000045       0x46 CMakeFiles/Project_Nhung.dir/Application/src/app_irrigation.c.obj

.debug_frame    0x00000000     0x419c
 .debug_frame   0x00000000      0x144 /opt/arm-gnu-toolchain/14.2.rel1/bin/../lib/gcc/arm-none-eabi/14.2.1/../../../../arm-none-eabi/lib/thumb/v7-m/nofp/libc_nano.a(libc_a-findfp.o)
 .debug_frame   0x00000144       0x34 /opt/arm-gnu-toolchain/14.2.rel1/bin/../lib/gcc/arm-none-eabi/14.2.1/../../../../arm-none-eabi/lib/thumb/v7-m/nofp/libc_nano.a(libc_a-fwalk.o)
 .debug_frame   0x00000178       0x88 /opt/arm-gnu-toolchain/14.2.rel1/bin/../lib/gcc/arm-none-eabi/14.2.1/../../../../arm-none-eabi/lib/thumb/v7-m/nofp/libc_nano.a(libc_a-stdio.o)
 .debug_frame   0x00000200       0x20 /opt/arm-gnu-toolchain/14.2.rel1/bin/../lib/gcc/arm-none-eabi/14.2.1/../../../../arm-none-eabi/lib/thumb/v7-m/nofp/libc_nano.a(libc_a-memset.o)
 .debug_frame   0x00000220       0x2c /opt/arm-gnu-toolchain/14.2.rel1/bin/../lib/gcc/arm-none-eabi/14.2.1/../../../../arm-none-eabi/lib/thumb/v7-m/nofp/libc_nano.a(libc_a-closer.o)
 .debug_frame   0x0000024c       0x38 /opt/arm-gnu-toolchain/14.2.rel1/bin/../lib/gcc/arm-none-eabi/14.2.1/../../../../arm-none-eabi/lib/thumb/v7-m/nofp/libc_nano.a(libc_a-reent.o)
 .debug_frame   0x00000284       0x2c /opt/arm-gnu-toolchain/14.2.rel1/bin/../lib/gcc/arm-none-eabi/14.2.1/../../../../arm-none-eabi/lib/thumb/v7-m/nofp/libc_nano.a(libc_a-lseekr.o)
 .debug_frame   0x000002b0       0x2c /opt/arm-gnu-toolchain/14.2.rel1/bin/../lib/gcc/arm-none-eabi/14.2.1/../../../../arm-none-eabi/lib/thumb/v7-m/nofp/libc_nano.a(libc_a-readr.o)
 .debug_frame   0x000002dc       0x2c /opt/arm-gnu-toolchain/14.2.rel1/bin/../lib/gcc/arm-none-eabi/14.2.1/../../../../arm-none-eabi/lib/thumb/v7-m/nofp/libc_nano.a(libc_a-writer.o)
 .debug_frame   0x00000308       0x2c /opt/arm-gnu-toolchain/14.2.rel1/bin/../lib/gcc/arm-none-eabi/14.2.1/../../../../arm-none-eabi/lib/thumb/v7-m/nofp/libc_nano.a(libc_a-init.o)
 .debug_frame   0x00000334       0xb0 /opt/arm-gnu-toolchain/14.2.rel1/bin/../lib/gcc/arm-none-eabi/14.2.1/../../../../arm-none-eabi/lib/thumb/v7-m/nofp/libc_nano.a(libc_a-lock.o)
 .debug_frame   0x000003e4       0x38 /opt/arm-gnu-toolchain/14.2.rel1/bin/../lib/gcc/arm-none-eabi/14.2.1/../../../../arm-none-eabi/lib/thumb/v7-m/nofp/libc_nano.a(libc_a-freer.o)
 .debug_frame   0x0000041c       0x50 /opt/arm-gnu-toolchain/14.2.rel1/bin/../lib/gcc/arm-none-eabi/14.2.1/../../../../arm-none-eabi/lib/thumb/v7-m/nofp/libc_nano.a(libc_a-mallocr.o)
 .debug_frame   0x0000046c       0x30 /opt/arm-gnu-toolchain/14.2.rel1/bin/../lib/gcc/arm-none-eabi/14.2.1/../../../../arm-none-eabi/lib/thumb/v7-m/nofp/libc_nano.a(libc_a-mlock.o)
 .debug_frame   0x0000049c       0x5c /opt/arm-gnu-toolchain/14.2.rel1/bin/../lib/gcc/arm-none-eabi/14.2.1/../../../../arm-none-eabi/lib/thumb/v7-m/nofp/libc_nano.a(libc_a-fflush.o)
 .debug_frame   0x000004f8       0x2c /opt/arm-gnu-toolchain/14.2.rel1/bin/../lib/gcc/arm-none-eabi/14.2.1/../../../../arm-none-eabi/lib/thumb/v7-m/nofp/libc_nano.a(libc_a-sbrkr.o)
 .debug_frame   0x00000524       0x58 cmake/stm32cubemx/CMakeFiles/STM32_Drivers.dir/__/__/Src/system_stm32f1xx.c.obj
 .debug_frame   0x0000057c      0x40c cmake/stm32cubemx/CMakeFiles/STM32_Drivers.dir/__/__/Drivers/STM32F1xx_HAL_Driver/Src/stm32f1xx_hal_adc.c.obj
 .debug_frame   0x00000988      0x334 cmake/stm32cubemx/CMakeFiles/STM32_Drivers.dir/__/__/Drivers/STM32F1xx_HAL_Driver/Src/stm32f1xx_hal.c.obj
 .debug_frame   0x00000cbc      0x218 cmake/stm32cubemx/CMakeFiles/STM32_Drivers.dir/__/__/Drivers/STM32F1xx_HAL_Driver/Src/stm32f1xx_hal_rcc.c.obj
 .debug_frame   0x00000ed4       0x80 cmake/stm32cubemx/CMakeFiles/STM32_Drivers.dir/__/__/Drivers/STM32F1xx_HAL_Driver/Src/stm32f1xx_hal_rcc_ex.c.obj
 .debug_frame   0x00000f54      0x14c cmake/stm32cubemx/CMakeFiles/STM32_Drivers.dir/__/__/Drivers/STM32F1xx_HAL_Driver/Src/stm32f1xx_hal_gpio.c.obj
 .debug_frame   0x000010a0      0x428 cmake/stm32cubemx/CMakeFiles/STM32_Drivers.dir/__/__/Drivers/STM32F1xx_HAL_Driver/Src/stm32f1xx_hal_cortex.c.obj
 .debug_frame   0x000014c8      0xc84 cmake/stm32cubemx/CMakeFiles/STM32_Drivers.dir/__/__/Drivers/STM32F1xx_HAL_Driver/Src/stm32f1xx_hal_i2c.c.obj
 .debug_frame   0x0000214c      0x944 cmake/stm32cubemx/CMakeFiles/STM32_Drivers.dir/__/__/Drivers/STM32F1xx_HAL_Driver/Src/stm32f1xx_hal_uart.c.obj
 .debug_frame   0x00002a90       0xe8 CMakeFiles/Project_Nhung.dir/Src/main.c.obj
 .debug_frame   0x00002b78      0x104 CMakeFiles/Project_Nhung.dir/Src/stm32f1xx_it.c.obj
 .debug_frame   0x00002c7c      0x110 CMakeFiles/Project_Nhung.dir/Src/stm32f1xx_hal_msp.c.obj
 .debug_frame   0x00002d8c       0x34 CMakeFiles/Project_Nhung.dir/Src/sysmem.c.obj
 .debug_frame   0x00002dc0      0x2ac CMakeFiles/Project_Nhung.dir/Src/syscalls.c.obj
 .debug_frame   0x0000306c       0xc8 CMakeFiles/Project_Nhung.dir/BSP/src/bsp_button.c.obj
 .debug_frame   0x00003134      0x170 CMakeFiles/Project_Nhung.dir/BSP/src/bsp_lcd.c.obj
 .debug_frame   0x000032a4       0x80 CMakeFiles/Project_Nhung.dir/BSP/src/bsp_moisture.c.obj
 .debug_frame   0x00003324       0x84 CMakeFiles/Project_Nhung.dir/BSP/src/bsp_pump.c.obj
 .debug_frame   0x000033a8      0x124 CMakeFiles/Project_Nhung.dir/BSP/src/bsp_rtc.c.obj
 .debug_frame   0x000034cc      0x1e8 CMakeFiles/Project_Nhung.dir/BSP/src/bsp_dht22.c.obj
 .debug_frame   0x000036b4       0xd0 CMakeFiles/Project_Nhung.dir/Middleware/src/mid_button.c.obj
 .debug_frame   0x00003784      0x164 CMakeFiles/Project_Nhung.dir/Middleware/src/mid_display.c.obj
 .debug_frame   0x000038e8      0x1f0 CMakeFiles/Project_Nhung.dir/Application/src/app_irrigation.c.obj
 .debug_frame   0x00003ad8       0xac /opt/arm-gnu-toolchain/14.2.rel1/bin/../lib/gcc/arm-none-eabi/14.2.1/thumb/v7-m/nofp/libgcc.a(_arm_addsubdf3.o)
 .debug_frame   0x00003b84       0x4c /opt/arm-gnu-toolchain/14.2.rel1/bin/../lib/gcc/arm-none-eabi/14.2.1/thumb/v7-m/nofp/libgcc.a(_arm_addsubsf3.o)
 .debug_frame   0x00003bd0       0x38 /opt/arm-gnu-toolchain/14.2.rel1/bin/../lib/gcc/arm-none-eabi/14.2.1/thumb/v7-m/nofp/libgcc.a(_arm_muldivsf3.o)
 .debug_frame   0x00003c08       0xc8 /opt/arm-gnu-toolchain/14.2.rel1/bin/../lib/gcc/arm-none-eabi/14.2.1/thumb/v7-m/nofp/libgcc.a(_arm_cmpsf2.o)
 .debug_frame   0x00003cd0       0x6c /opt/arm-gnu-toolchain/14.2.rel1/bin/../lib/gcc/arm-none-eabi/14.2.1/../../../../arm-none-eabi/lib/thumb/v7-m/nofp/libg_nano.a(libc_a-printf.o)
 .debug_frame   0x00003d3c       0x3c /opt/arm-gnu-toolchain/14.2.rel1/bin/../lib/gcc/arm-none-eabi/14.2.1/../../../../arm-none-eabi/lib/thumb/v7-m/nofp/libg_nano.a(libc_a-puts.o)
 .debug_frame   0x00003d78       0x7c /opt/arm-gnu-toolchain/14.2.rel1/bin/../lib/gcc/arm-none-eabi/14.2.1/../../../../arm-none-eabi/lib/thumb/v7-m/nofp/libg_nano.a(libc_a-snprintf.o)
 .debug_frame   0x00003df4       0x40 /opt/arm-gnu-toolchain/14.2.rel1/bin/../lib/gcc/arm-none-eabi/14.2.1/../../../../arm-none-eabi/lib/thumb/v7-m/nofp/libg_nano.a(libc_a-wbuf.o)
 .debug_frame   0x00003e34       0x2c /opt/arm-gnu-toolchain/14.2.rel1/bin/../lib/gcc/arm-none-eabi/14.2.1/../../../../arm-none-eabi/lib/thumb/v7-m/nofp/libg_nano.a(libc_a-wsetup.o)
 .debug_frame   0x00003e60       0x20 /opt/arm-gnu-toolchain/14.2.rel1/bin/../lib/gcc/arm-none-eabi/14.2.1/../../../../arm-none-eabi/lib/thumb/v7-m/nofp/libg_nano.a(libc_a-errno.o)
 .debug_frame   0x00003e80       0x90 /opt/arm-gnu-toolchain/14.2.rel1/bin/../lib/gcc/arm-none-eabi/14.2.1/../../../../arm-none-eabi/lib/thumb/v7-m/nofp/libg_nano.a(libc_a-nano-svfprintf.o)
 .debug_frame   0x00003f10       0xa8 /opt/arm-gnu-toolchain/14.2.rel1/bin/../lib/gcc/arm-none-eabi/14.2.1/../../../../arm-none-eabi/lib/thumb/v7-m/nofp/libg_nano.a(libc_a-nano-vfprintf.o)
 .debug_frame   0x00003fb8       0x60 /opt/arm-gnu-toolchain/14.2.rel1/bin/../lib/gcc/arm-none-eabi/14.2.1/../../../../arm-none-eabi/lib/thumb/v7-m/nofp/libg_nano.a(libc_a-nano-vfprintf_i.o)
 .debug_frame   0x00004018       0x58 /opt/arm-gnu-toolchain/14.2.rel1/bin/../lib/gcc/arm-none-eabi/14.2.1/../../../../arm-none-eabi/lib/thumb/v7-m/nofp/libg_nano.a(libc_a-makebuf.o)
 .debug_frame   0x00004070       0x28 /opt/arm-gnu-toolchain/14.2.rel1/bin/../lib/gcc/arm-none-eabi/14.2.1/../../../../arm-none-eabi/lib/thumb/v7-m/nofp/libg_nano.a(libc_a-memmove.o)
 .debug_frame   0x00004098       0x2c /opt/arm-gnu-toolchain/14.2.rel1/bin/../lib/gcc/arm-none-eabi/14.2.1/../../../../arm-none-eabi/lib/thumb/v7-m/nofp/libg_nano.a(libc_a-fstatr.o)
 .debug_frame   0x000040c4       0x2c /opt/arm-gnu-toolchain/14.2.rel1/bin/../lib/gcc/arm-none-eabi/14.2.1/../../../../arm-none-eabi/lib/thumb/v7-m/nofp/libg_nano.a(libc_a-isattyr.o)
 .debug_frame   0x000040f0       0x28 /opt/arm-gnu-toolchain/14.2.rel1/bin/../lib/gcc/arm-none-eabi/14.2.1/../../../../arm-none-eabi/lib/thumb/v7-m/nofp/libg_nano.a(libc_a-memchr-stub.o)
 .debug_frame   0x00004118       0x28 /opt/arm-gnu-toolchain/14.2.rel1/bin/../lib/gcc/arm-none-eabi/14.2.1/../../../../arm-none-eabi/lib/thumb/v7-m/nofp/libg_nano.a(libc_a-memcpy-stub.o)
 .debug_frame   0x00004140       0x3c /opt/arm-gnu-toolchain/14.2.rel1/bin/../lib/gcc/arm-none-eabi/14.2.1/../../../../arm-none-eabi/lib/thumb/v7-m/nofp/libg_nano.a(libc_a-reallocr.o)
 .debug_frame   0x0000417c       0x20 /opt/arm-gnu-toolchain/14.2.rel1/bin/../lib/gcc/arm-none-eabi/14.2.1/../../../../arm-none-eabi/lib/thumb/v7-m/nofp/libg_nano.a(libc_a-msizer.o)

.debug_info     0x00000000     0xec0c
 .debug_info    0x00000000      0x222 cmake/stm32cubemx/CMakeFiles/STM32_Drivers.dir/__/__/Src/system_stm32f1xx.c.obj
 .debug_info    0x00000222      0xc50 cmake/stm32cubemx/CMakeFiles/STM32_Drivers.dir/__/__/Drivers/STM32F1xx_HAL_Driver/Src/stm32f1xx_hal_adc.c.obj
 .debug_info    0x00000e72      0x704 cmake/stm32cubemx/CMakeFiles/STM32_Drivers.dir/__/__/Drivers/STM32F1xx_HAL_Driver/Src/stm32f1xx_hal.c.obj
 .debug_info    0x00001576      0x7d5 cmake/stm32cubemx/CMakeFiles/STM32_Drivers.dir/__/__/Drivers/STM32F1xx_HAL_Driver/Src/stm32f1xx_hal_rcc.c.obj
 .debug_info    0x00001d4b      0x3c0 cmake/stm32cubemx/CMakeFiles/STM32_Drivers.dir/__/__/Drivers/STM32F1xx_HAL_Driver/Src/stm32f1xx_hal_rcc_ex.c.obj
 .debug_info    0x0000210b      0x5ab cmake/stm32cubemx/CMakeFiles/STM32_Drivers.dir/__/__/Drivers/STM32F1xx_HAL_Driver/Src/stm32f1xx_hal_gpio.c.obj
 .debug_info    0x000026b6      0xa87 cmake/stm32cubemx/CMakeFiles/STM32_Drivers.dir/__/__/Drivers/STM32F1xx_HAL_Driver/Src/stm32f1xx_hal_cortex.c.obj
 .debug_info    0x0000313d     0x2524 cmake/stm32cubemx/CMakeFiles/STM32_Drivers.dir/__/__/Drivers/STM32F1xx_HAL_Driver/Src/stm32f1xx_hal_i2c.c.obj
 .debug_info    0x00005661     0x2eed cmake/stm32cubemx/CMakeFiles/STM32_Drivers.dir/__/__/Drivers/STM32F1xx_HAL_Driver/Src/stm32f1xx_hal_uart.c.obj
 .debug_info    0x0000854e      0xfe1 CMakeFiles/Project_Nhung.dir/Src/main.c.obj
 .debug_info    0x0000952f      0x113 CMakeFiles/Project_Nhung.dir/Src/stm32f1xx_it.c.obj
 .debug_info    0x00009642      0xdb8 CMakeFiles/Project_Nhung.dir/Src/stm32f1xx_hal_msp.c.obj
 .debug_info    0x0000a3fa      0x168 CMakeFiles/Project_Nhung.dir/Src/sysmem.c.obj
 .debug_info    0x0000a562      0x6a3 CMakeFiles/Project_Nhung.dir/Src/syscalls.c.obj
 .debug_info    0x0000ac05       0x30 CMakeFiles/Project_Nhung.dir/startup_stm32f103xb.s.obj
 .debug_info    0x0000ac35      0x36b CMakeFiles/Project_Nhung.dir/BSP/src/bsp_button.c.obj
 .debug_info    0x0000afa0      0x816 CMakeFiles/Project_Nhung.dir/BSP/src/bsp_lcd.c.obj
 .debug_info    0x0000b7b6      0x629 CMakeFiles/Project_Nhung.dir/BSP/src/bsp_moisture.c.obj
 .debug_info    0x0000bddf      0x1c1 CMakeFiles/Project_Nhung.dir/BSP/src/bsp_pump.c.obj
 .debug_info    0x0000bfa0      0x930 CMakeFiles/Project_Nhung.dir/BSP/src/bsp_rtc.c.obj
 .debug_info    0x0000c8d0      0x76b CMakeFiles/Project_Nhung.dir/BSP/src/bsp_dht22.c.obj
 .debug_info    0x0000d03b      0x279 CMakeFiles/Project_Nhung.dir/Middleware/src/mid_button.c.obj
 .debug_info    0x0000d2b4      0x848 CMakeFiles/Project_Nhung.dir/Middleware/src/mid_display.c.obj
 .debug_info    0x0000dafc     0x1110 CMakeFiles/Project_Nhung.dir/Application/src/app_irrigation.c.obj

.debug_abbrev   0x00000000     0x2c90
 .debug_abbrev  0x00000000      0x13f cmake/stm32cubemx/CMakeFiles/STM32_Drivers.dir/__/__/Src/system_stm32f1xx.c.obj
 .debug_abbrev  0x0000013f      0x225 cmake/stm32cubemx/CMakeFiles/STM32_Drivers.dir/__/__/Drivers/STM32F1xx_HAL_Driver/Src/stm32f1xx_hal_adc.c.obj
 .debug_abbrev  0x00000364      0x201 cmake/stm32cubemx/CMakeFiles/STM32_Drivers.dir/__/__/Drivers/STM32F1xx_HAL_Driver/Src/stm32f1xx_hal.c.obj
 .debug_abbrev  0x00000565      0x2b3 cmake/stm32cubemx/CMakeFiles/STM32_Drivers.dir/__/__/Drivers/STM32F1xx_HAL_Driver/Src/stm32f1xx_hal_rcc.c.obj
 .debug_abbrev  0x00000818      0x188 cmake/stm32cubemx/CMakeFiles/STM32_Drivers.dir/__/__/Drivers/STM32F1xx_HAL_Driver/Src/stm32f1xx_hal_rcc_ex.c.obj
 .debug_abbrev  0x000009a0      0x1ca cmake/stm32cubemx/CMakeFiles/STM32_Drivers.dir/__/__/Drivers/STM32F1xx_HAL_Driver/Src/stm32f1xx_hal_gpio.c.obj
 .debug_abbrev  0x00000b6a      0x2f8 cmake/stm32cubemx/CMakeFiles/STM32_Drivers.dir/__/__/Drivers/STM32F1xx_HAL_Driver/Src/stm32f1xx_hal_cortex.c.obj